<?xml version="1.0" encoding="ISO-8859-1" ?>
<link_info>
   <banner>MSP430 Linker PC v18.1.4.LTS</banner>
   <copyright>Copyright (c) 2003-2018 Texas Instruments Incorporated</copyright>
   <link_time>0x5cd21bb0</link_time>
   <link_errors>0x0</link_errors>
   <output_file>accelTest.out</output_file>
   <entry_point>
      <name>_c_int00_noargs</name>
      <address>0x44c0</address>
   </entry_point>
   <input_file_list>
      <input_file id="fl-2">
         <path>.\</path>
         <kind>object</kind>
         <file>accelerometer.obj</file>
         <name>accelerometer.obj</name>
      </input_file>
      <input_file id="fl-3">
         <path>.\</path>
         <kind>object</kind>
         <file>buffer.obj</file>
         <name>buffer.obj</name>
      </input_file>
      <input_file id="fl-4">
         <path>.\</path>
         <kind>object</kind>
         <file>buffer_printf.obj</file>
         <name>buffer_printf.obj</name>
      </input_file>
      <input_file id="fl-5">
         <path>.\</path>
         <kind>object</kind>
         <file>hal_i2c.obj</file>
         <name>hal_i2c.obj</name>
      </input_file>
      <input_file id="fl-6">
         <path>.\</path>
         <kind>object</kind>
         <file>hal_spi.obj</file>
         <name>hal_spi.obj</name>
      </input_file>
      <input_file id="fl-7">
         <path>.\</path>
         <kind>object</kind>
         <file>hal_uart.obj</file>
         <name>hal_uart.obj</name>
      </input_file>
      <input_file id="fl-8">
         <path>.\</path>
         <kind>object</kind>
         <file>i2c.obj</file>
         <name>i2c.obj</name>
      </input_file>
      <input_file id="fl-9">
         <path>.\</path>
         <kind>object</kind>
         <file>list.obj</file>
         <name>list.obj</name>
      </input_file>
      <input_file id="fl-a">
         <path>.\</path>
         <kind>object</kind>
         <file>main.obj</file>
         <name>main.obj</name>
      </input_file>
      <input_file id="fl-b">
         <path>.\</path>
         <kind>object</kind>
         <file>nrf24.obj</file>
         <name>nrf24.obj</name>
      </input_file>
      <input_file id="fl-c">
         <path>.\</path>
         <kind>object</kind>
         <file>nrf24network.obj</file>
         <name>nrf24network.obj</name>
      </input_file>
      <input_file id="fl-d">
         <path>.\</path>
         <kind>object</kind>
         <file>spi.obj</file>
         <name>spi.obj</name>
      </input_file>
      <input_file id="fl-e">
         <path>.\</path>
         <kind>object</kind>
         <file>subsystem.obj</file>
         <name>subsystem.obj</name>
      </input_file>
      <input_file id="fl-f">
         <path>.\</path>
         <kind>object</kind>
         <file>task.obj</file>
         <name>task.obj</name>
      </input_file>
      <input_file id="fl-10">
         <path>.\</path>
         <kind>object</kind>
         <file>thief.obj</file>
         <name>thief.obj</name>
      </input_file>
      <input_file id="fl-11">
         <path>.\</path>
         <kind>object</kind>
         <file>thief_brainframe.obj</file>
         <name>thief_brainframe.obj</name>
      </input_file>
      <input_file id="fl-12">
         <path>.\</path>
         <kind>object</kind>
         <file>timing.obj</file>
         <name>timing.obj</name>
      </input_file>
      <input_file id="fl-13">
         <path>.\</path>
         <kind>object</kind>
         <file>uart.obj</file>
         <name>uart.obj</name>
      </input_file>
      <input_file id="fl-19">
         <kind>object</kind>
         <file>&lt;internal&gt;</file>
         <name>&lt;internal&gt;</name>
      </input_file>
      <input_file id="fl-34">
         <path>C:\ti\ccsv8\tools\compiler\ti-cgt-msp430_18.1.4.LTS\lib\</path>
         <kind>archive</kind>
         <file>rts430x_lc_rd_eabi.lib</file>
         <name>div16u.asm.obj</name>
      </input_file>
      <input_file id="fl-35">
         <path>C:\ti\ccsv8\tools\compiler\ti-cgt-msp430_18.1.4.LTS\lib\</path>
         <kind>archive</kind>
         <file>rts430x_lc_rd_eabi.lib</file>
         <name>div32s.asm.obj</name>
      </input_file>
      <input_file id="fl-36">
         <path>C:\ti\ccsv8\tools\compiler\ti-cgt-msp430_18.1.4.LTS\lib\</path>
         <kind>archive</kind>
         <file>rts430x_lc_rd_eabi.lib</file>
         <name>div32u.asm.obj</name>
      </input_file>
      <input_file id="fl-37">
         <path>C:\ti\ccsv8\tools\compiler\ti-cgt-msp430_18.1.4.LTS\lib\</path>
         <kind>archive</kind>
         <file>rts430x_lc_rd_eabi.lib</file>
         <name>fs_add.asm.obj</name>
      </input_file>
      <input_file id="fl-38">
         <path>C:\ti\ccsv8\tools\compiler\ti-cgt-msp430_18.1.4.LTS\lib\</path>
         <kind>archive</kind>
         <file>rts430x_lc_rd_eabi.lib</file>
         <name>fs_itof.asm.obj</name>
      </input_file>
      <input_file id="fl-39">
         <path>C:\ti\ccsv8\tools\compiler\ti-cgt-msp430_18.1.4.LTS\lib\</path>
         <kind>archive</kind>
         <file>rts430x_lc_rd_eabi.lib</file>
         <name>fs_mpy.asm.obj</name>
      </input_file>
      <input_file id="fl-3a">
         <path>C:\ti\ccsv8\tools\compiler\ti-cgt-msp430_18.1.4.LTS\lib\</path>
         <kind>archive</kind>
         <file>rts430x_lc_rd_eabi.lib</file>
         <name>fs_toi.asm.obj</name>
      </input_file>
      <input_file id="fl-3b">
         <path>C:\ti\ccsv8\tools\compiler\ti-cgt-msp430_18.1.4.LTS\lib\</path>
         <kind>archive</kind>
         <file>rts430x_lc_rd_eabi.lib</file>
         <name>fs_tol.asm.obj</name>
      </input_file>
      <input_file id="fl-3c">
         <path>C:\ti\ccsv8\tools\compiler\ti-cgt-msp430_18.1.4.LTS\lib\</path>
         <kind>archive</kind>
         <file>rts430x_lc_rd_eabi.lib</file>
         <name>int41.asm.obj</name>
      </input_file>
      <input_file id="fl-3d">
         <path>C:\ti\ccsv8\tools\compiler\ti-cgt-msp430_18.1.4.LTS\lib\</path>
         <kind>archive</kind>
         <file>rts430x_lc_rd_eabi.lib</file>
         <name>int42.asm.obj</name>
      </input_file>
      <input_file id="fl-3e">
         <path>C:\ti\ccsv8\tools\compiler\ti-cgt-msp430_18.1.4.LTS\lib\</path>
         <kind>archive</kind>
         <file>rts430x_lc_rd_eabi.lib</file>
         <name>int43.asm.obj</name>
      </input_file>
      <input_file id="fl-3f">
         <path>C:\ti\ccsv8\tools\compiler\ti-cgt-msp430_18.1.4.LTS\lib\</path>
         <kind>archive</kind>
         <file>rts430x_lc_rd_eabi.lib</file>
         <name>int44.asm.obj</name>
      </input_file>
      <input_file id="fl-40">
         <path>C:\ti\ccsv8\tools\compiler\ti-cgt-msp430_18.1.4.LTS\lib\</path>
         <kind>archive</kind>
         <file>rts430x_lc_rd_eabi.lib</file>
         <name>int47.asm.obj</name>
      </input_file>
      <input_file id="fl-41">
         <path>C:\ti\ccsv8\tools\compiler\ti-cgt-msp430_18.1.4.LTS\lib\</path>
         <kind>archive</kind>
         <file>rts430x_lc_rd_eabi.lib</file>
         <name>int48.asm.obj</name>
      </input_file>
      <input_file id="fl-42">
         <path>C:\ti\ccsv8\tools\compiler\ti-cgt-msp430_18.1.4.LTS\lib\</path>
         <kind>archive</kind>
         <file>rts430x_lc_rd_eabi.lib</file>
         <name>int49.asm.obj</name>
      </input_file>
      <input_file id="fl-43">
         <path>C:\ti\ccsv8\tools\compiler\ti-cgt-msp430_18.1.4.LTS\lib\</path>
         <kind>archive</kind>
         <file>rts430x_lc_rd_eabi.lib</file>
         <name>int50.asm.obj</name>
      </input_file>
      <input_file id="fl-44">
         <path>C:\ti\ccsv8\tools\compiler\ti-cgt-msp430_18.1.4.LTS\lib\</path>
         <kind>archive</kind>
         <file>rts430x_lc_rd_eabi.lib</file>
         <name>int51.asm.obj</name>
      </input_file>
      <input_file id="fl-45">
         <path>C:\ti\ccsv8\tools\compiler\ti-cgt-msp430_18.1.4.LTS\lib\</path>
         <kind>archive</kind>
         <file>rts430x_lc_rd_eabi.lib</file>
         <name>int52.asm.obj</name>
      </input_file>
      <input_file id="fl-46">
         <path>C:\ti\ccsv8\tools\compiler\ti-cgt-msp430_18.1.4.LTS\lib\</path>
         <kind>archive</kind>
         <file>rts430x_lc_rd_eabi.lib</file>
         <name>int54.asm.obj</name>
      </input_file>
      <input_file id="fl-47">
         <path>C:\ti\ccsv8\tools\compiler\ti-cgt-msp430_18.1.4.LTS\lib\</path>
         <kind>archive</kind>
         <file>rts430x_lc_rd_eabi.lib</file>
         <name>int56.asm.obj</name>
      </input_file>
      <input_file id="fl-48">
         <path>C:\ti\ccsv8\tools\compiler\ti-cgt-msp430_18.1.4.LTS\lib\</path>
         <kind>archive</kind>
         <file>rts430x_lc_rd_eabi.lib</file>
         <name>int57.asm.obj</name>
      </input_file>
      <input_file id="fl-49">
         <path>C:\ti\ccsv8\tools\compiler\ti-cgt-msp430_18.1.4.LTS\lib\</path>
         <kind>archive</kind>
         <file>rts430x_lc_rd_eabi.lib</file>
         <name>int58.asm.obj</name>
      </input_file>
      <input_file id="fl-4a">
         <path>C:\ti\ccsv8\tools\compiler\ti-cgt-msp430_18.1.4.LTS\lib\</path>
         <kind>archive</kind>
         <file>rts430x_lc_rd_eabi.lib</file>
         <name>int59.asm.obj</name>
      </input_file>
      <input_file id="fl-4b">
         <path>C:\ti\ccsv8\tools\compiler\ti-cgt-msp430_18.1.4.LTS\lib\</path>
         <kind>archive</kind>
         <file>rts430x_lc_rd_eabi.lib</file>
         <name>int60.asm.obj</name>
      </input_file>
      <input_file id="fl-4c">
         <path>C:\ti\ccsv8\tools\compiler\ti-cgt-msp430_18.1.4.LTS\lib\</path>
         <kind>archive</kind>
         <file>rts430x_lc_rd_eabi.lib</file>
         <name>int61.asm.obj</name>
      </input_file>
      <input_file id="fl-4d">
         <path>C:\ti\ccsv8\tools\compiler\ti-cgt-msp430_18.1.4.LTS\lib\</path>
         <kind>archive</kind>
         <file>rts430x_lc_rd_eabi.lib</file>
         <name>int62.asm.obj</name>
      </input_file>
      <input_file id="fl-4e">
         <path>C:\ti\ccsv8\tools\compiler\ti-cgt-msp430_18.1.4.LTS\lib\</path>
         <kind>archive</kind>
         <file>rts430x_lc_rd_eabi.lib</file>
         <name>isr_trap.asm.obj</name>
      </input_file>
      <input_file id="fl-4f">
         <path>C:\ti\ccsv8\tools\compiler\ti-cgt-msp430_18.1.4.LTS\lib\</path>
         <kind>archive</kind>
         <file>rts430x_lc_rd_eabi.lib</file>
         <name>lsl16.asm.obj</name>
      </input_file>
      <input_file id="fl-50">
         <path>C:\ti\ccsv8\tools\compiler\ti-cgt-msp430_18.1.4.LTS\lib\</path>
         <kind>archive</kind>
         <file>rts430x_lc_rd_eabi.lib</file>
         <name>lsr32.asm.obj</name>
      </input_file>
      <input_file id="fl-51">
         <path>C:\ti\ccsv8\tools\compiler\ti-cgt-msp430_18.1.4.LTS\lib\</path>
         <kind>archive</kind>
         <file>rts430x_lc_rd_eabi.lib</file>
         <name>mult16.asm.obj</name>
      </input_file>
      <input_file id="fl-52">
         <path>C:\ti\ccsv8\tools\compiler\ti-cgt-msp430_18.1.4.LTS\lib\</path>
         <kind>archive</kind>
         <file>rts430x_lc_rd_eabi.lib</file>
         <name>mult16_f5hw.asm.obj</name>
      </input_file>
      <input_file id="fl-53">
         <path>C:\ti\ccsv8\tools\compiler\ti-cgt-msp430_18.1.4.LTS\lib\</path>
         <kind>archive</kind>
         <file>rts430x_lc_rd_eabi.lib</file>
         <name>mult1632_f5hw.asm.obj</name>
      </input_file>
      <input_file id="fl-54">
         <path>C:\ti\ccsv8\tools\compiler\ti-cgt-msp430_18.1.4.LTS\lib\</path>
         <kind>archive</kind>
         <file>rts430x_lc_rd_eabi.lib</file>
         <name>mult32.asm.obj</name>
      </input_file>
      <input_file id="fl-55">
         <path>C:\ti\ccsv8\tools\compiler\ti-cgt-msp430_18.1.4.LTS\lib\</path>
         <kind>archive</kind>
         <file>rts430x_lc_rd_eabi.lib</file>
         <name>mult32_f5hw.asm.obj</name>
      </input_file>
      <input_file id="fl-56">
         <path>C:\ti\ccsv8\tools\compiler\ti-cgt-msp430_18.1.4.LTS\lib\</path>
         <kind>archive</kind>
         <file>rts430x_lc_rd_eabi.lib</file>
         <name>mult3264_f5hw.asm.obj</name>
      </input_file>
      <input_file id="fl-57">
         <path>C:\ti\ccsv8\tools\compiler\ti-cgt-msp430_18.1.4.LTS\lib\</path>
         <kind>archive</kind>
         <file>rts430x_lc_rd_eabi.lib</file>
         <name>mult64_f5hw.asm.obj</name>
      </input_file>
      <input_file id="fl-58">
         <path>C:\ti\ccsv8\tools\compiler\ti-cgt-msp430_18.1.4.LTS\lib\</path>
         <kind>archive</kind>
         <file>rts430x_lc_rd_eabi.lib</file>
         <name>boot.c.obj</name>
      </input_file>
      <input_file id="fl-59">
         <path>C:\ti\ccsv8\tools\compiler\ti-cgt-msp430_18.1.4.LTS\lib\</path>
         <kind>archive</kind>
         <file>rts430x_lc_rd_eabi.lib</file>
         <name>autoinit.c.obj</name>
      </input_file>
      <input_file id="fl-5a">
         <path>C:\ti\ccsv8\tools\compiler\ti-cgt-msp430_18.1.4.LTS\lib\</path>
         <kind>archive</kind>
         <file>rts430x_lc_rd_eabi.lib</file>
         <name>copy_zero_init.c.obj</name>
      </input_file>
      <input_file id="fl-5b">
         <path>C:\ti\ccsv8\tools\compiler\ti-cgt-msp430_18.1.4.LTS\lib\</path>
         <kind>archive</kind>
         <file>rts430x_lc_rd_eabi.lib</file>
         <name>cpy_tbl.c.obj</name>
      </input_file>
      <input_file id="fl-5c">
         <path>C:\ti\ccsv8\tools\compiler\ti-cgt-msp430_18.1.4.LTS\lib\</path>
         <kind>archive</kind>
         <file>rts430x_lc_rd_eabi.lib</file>
         <name>mpu_init.c.obj</name>
      </input_file>
      <input_file id="fl-5d">
         <path>C:\ti\ccsv8\tools\compiler\ti-cgt-msp430_18.1.4.LTS\lib\</path>
         <kind>archive</kind>
         <file>rts430x_lc_rd_eabi.lib</file>
         <name>lsr64.c.obj</name>
      </input_file>
      <input_file id="fl-5e">
         <path>C:\ti\ccsv8\tools\compiler\ti-cgt-msp430_18.1.4.LTS\lib\</path>
         <kind>archive</kind>
         <file>rts430x_lc_rd_eabi.lib</file>
         <name>pre_init.c.obj</name>
      </input_file>
      <input_file id="fl-5f">
         <path>C:\ti\ccsv8\tools\compiler\ti-cgt-msp430_18.1.4.LTS\lib\</path>
         <kind>archive</kind>
         <file>rts430x_lc_rd_eabi.lib</file>
         <name>startup.c.obj</name>
      </input_file>
      <input_file id="fl-60">
         <path>C:\ti\ccsv8\tools\compiler\ti-cgt-msp430_18.1.4.LTS\lib\</path>
         <kind>archive</kind>
         <file>rts430x_lc_rd_eabi.lib</file>
         <name>copy_decompress_none.c.obj</name>
      </input_file>
      <input_file id="fl-61">
         <path>C:\ti\ccsv8\tools\compiler\ti-cgt-msp430_18.1.4.LTS\lib\</path>
         <kind>archive</kind>
         <file>rts430x_lc_rd_eabi.lib</file>
         <name>copy_decompress_lzss.c.obj</name>
      </input_file>
      <input_file id="fl-62">
         <path>C:\ti\ccsv8\tools\compiler\ti-cgt-msp430_18.1.4.LTS\lib\</path>
         <kind>archive</kind>
         <file>rts430x_lc_rd_eabi.lib</file>
         <name>cvtdf.c.obj</name>
      </input_file>
      <input_file id="fl-63">
         <path>C:\ti\ccsv8\tools\compiler\ti-cgt-msp430_18.1.4.LTS\lib\</path>
         <kind>archive</kind>
         <file>rts430x_lc_rd_eabi.lib</file>
         <name>addd.c.obj</name>
      </input_file>
      <input_file id="fl-64">
         <path>C:\ti\ccsv8\tools\compiler\ti-cgt-msp430_18.1.4.LTS\lib\</path>
         <kind>archive</kind>
         <file>rts430x_lc_rd_eabi.lib</file>
         <name>cmpd.c.obj</name>
      </input_file>
      <input_file id="fl-65">
         <path>C:\ti\ccsv8\tools\compiler\ti-cgt-msp430_18.1.4.LTS\lib\</path>
         <kind>archive</kind>
         <file>rts430x_lc_rd_eabi.lib</file>
         <name>cvtfd.c.obj</name>
      </input_file>
      <input_file id="fl-66">
         <path>C:\ti\ccsv8\tools\compiler\ti-cgt-msp430_18.1.4.LTS\lib\</path>
         <kind>archive</kind>
         <file>rts430x_lc_rd_eabi.lib</file>
         <name>frcaddd.c.obj</name>
      </input_file>
      <input_file id="fl-67">
         <path>C:\ti\ccsv8\tools\compiler\ti-cgt-msp430_18.1.4.LTS\lib\</path>
         <kind>archive</kind>
         <file>rts430x_lc_rd_eabi.lib</file>
         <name>renormd.c.obj</name>
      </input_file>
      <input_file id="fl-68">
         <path>C:\ti\ccsv8\tools\compiler\ti-cgt-msp430_18.1.4.LTS\lib\</path>
         <kind>archive</kind>
         <file>rts430x_lc_rd_eabi.lib</file>
         <name>subd.c.obj</name>
      </input_file>
      <input_file id="fl-69">
         <path>C:\ti\ccsv8\tools\compiler\ti-cgt-msp430_18.1.4.LTS\lib\</path>
         <kind>archive</kind>
         <file>rts430x_lc_rd_eabi.lib</file>
         <name>exit.c.obj</name>
      </input_file>
      <input_file id="fl-6a">
         <path>C:\ti\ccsv8\tools\compiler\ti-cgt-msp430_18.1.4.LTS\lib\</path>
         <kind>archive</kind>
         <file>rts430x_lc_rd_eabi.lib</file>
         <name>_lock.c.obj</name>
      </input_file>
      <input_file id="fl-6b">
         <path>C:\ti\ccsv8\tools\compiler\ti-cgt-msp430_18.1.4.LTS\lib\</path>
         <kind>archive</kind>
         <file>rts430x_lc_rd_eabi.lib</file>
         <name>args_main.c.obj</name>
      </input_file>
      <input_file id="fl-6c">
         <path>C:\ti\ccsv8\tools\compiler\ti-cgt-msp430_18.1.4.LTS\lib\</path>
         <kind>archive</kind>
         <file>rts430x_lc_rd_eabi.lib</file>
         <name>memcpy.c.obj</name>
      </input_file>
      <input_file id="fl-6d">
         <path>C:\ti\ccsv8\tools\compiler\ti-cgt-msp430_18.1.4.LTS\lib\</path>
         <kind>archive</kind>
         <file>rts430x_lc_rd_eabi.lib</file>
         <name>strcasecmp.c.obj</name>
      </input_file>
      <input_file id="fl-6e">
         <path>C:\ti\ccsv8\tools\compiler\ti-cgt-msp430_18.1.4.LTS\lib\</path>
         <kind>archive</kind>
         <file>rts430x_lc_rd_eabi.lib</file>
         <name>strlen.c.obj</name>
      </input_file>
      <input_file id="fl-6f">
         <path>C:\ti\ccsv8\tools\compiler\ti-cgt-msp430_18.1.4.LTS\lib\</path>
         <kind>archive</kind>
         <file>rts430x_lc_rd_eabi.lib</file>
         <name>strncmp.c.obj</name>
      </input_file>
      <input_file id="fl-70">
         <path>C:\ti\ccsv8\tools\compiler\ti-cgt-msp430_18.1.4.LTS\lib\</path>
         <kind>archive</kind>
         <file>rts430x_lc_rd_eabi.lib</file>
         <name>tolower.c.obj</name>
      </input_file>
      <input_file id="fl-71">
         <path>C:\ti\ccsv8\tools\compiler\ti-cgt-msp430_18.1.4.LTS\lib\</path>
         <kind>archive</kind>
         <file>rts430x_lc_rd_eabi.lib</file>
         <name>asr32.asm.obj</name>
      </input_file>
      <input_file id="fl-72">
         <path>C:\ti\ccsv8\tools\compiler\ti-cgt-msp430_18.1.4.LTS\lib\</path>
         <kind>archive</kind>
         <file>rts430x_lc_rd_eabi.lib</file>
         <name>lsl32.asm.obj</name>
      </input_file>
      <input_file id="fl-73">
         <path>C:\ti\ccsv8\tools\compiler\ti-cgt-msp430_18.1.4.LTS\lib\</path>
         <kind>archive</kind>
         <file>rts430x_lc_rd_eabi.lib</file>
         <name>exit_gvars.c.obj</name>
      </input_file>
      <input_file id="fl-74">
         <path>C:\ti\ccsv8\tools\compiler\ti-cgt-msp430_18.1.4.LTS\lib\</path>
         <kind>archive</kind>
         <file>rts430x_lc_rd_eabi.lib</file>
         <name>ctype.c.obj</name>
      </input_file>
   </input_file_list>
   <object_component_list>
      <object_component id="oc-782">
         <name>.bss:accel_data</name>
         <uninitialized>true</uninitialized>
         <run_address>0x3262</run_address>
         <size>0x16</size>
         <input_file_ref idref="fl-2"/>
      </object_component>
      <object_component id="oc-55e">
         <name>.bss</name>
         <uninitialized>true</uninitialized>
         <run_address>0x32b2</run_address>
         <size>0x1</size>
         <input_file_ref idref="fl-a"/>
      </object_component>
      <object_component id="oc-b3b">
         <name>.bss</name>
         <uninitialized>true</uninitialized>
         <run_address>0x32ae</run_address>
         <size>0x2</size>
         <input_file_ref idref="fl-c"/>
      </object_component>
      <object_component id="oc-b3d">
         <name>.bss:name$4</name>
         <uninitialized>true</uninitialized>
         <run_address>0x3296</run_address>
         <size>0x4</size>
         <input_file_ref idref="fl-c"/>
      </object_component>
      <object_component id="oc-b3c">
         <name>.bss:data$5</name>
         <uninitialized>true</uninitialized>
         <run_address>0x320c</run_address>
         <size>0x1e</size>
         <input_file_ref idref="fl-c"/>
      </object_component>
      <object_component id="oc-9c1">
         <name>.bss:receive_buffer</name>
         <uninitialized>true</uninitialized>
         <run_address>0x30c0</run_address>
         <size>0x40</size>
         <input_file_ref idref="fl-e"/>
      </object_component>
      <object_component id="oc-9c0">
         <name>.bss</name>
         <uninitialized>true</uninitialized>
         <run_address>0x32b0</run_address>
         <size>0x2</size>
         <input_file_ref idref="fl-e"/>
      </object_component>
      <object_component id="oc-73c">
         <name>.bss</name>
         <uninitialized>true</uninitialized>
         <run_address>0x3278</run_address>
         <size>0xe</size>
         <input_file_ref idref="fl-10"/>
      </object_component>
      <object_component id="oc-422">
         <name>.common:state</name>
         <uninitialized>true</uninitialized>
         <run_address>0x32a6</run_address>
         <size>0x4</size>
      </object_component>
      <object_component id="oc-93e">
         <name>.common:transactionArray0</name>
         <uninitialized>true</uninitialized>
         <run_address>0x3078</run_address>
         <size>0x48</size>
      </object_component>
      <object_component id="oc-93d">
         <name>.common:linkArray0</name>
         <uninitialized>true</uninitialized>
         <run_address>0x3138</run_address>
         <size>0x30</size>
      </object_component>
      <object_component id="oc-4f3">
         <name>.common:i2c</name>
         <uninitialized>true</uninitialized>
         <run_address>0x3100</run_address>
         <size>0x38</size>
      </object_component>
      <object_component id="oc-8d2">
         <name>.common:default_net</name>
         <uninitialized>true</uninitialized>
         <run_address>0x2720</run_address>
         <size>0x2c6</size>
      </object_component>
      <object_component id="oc-b08">
         <name>.common:ping_time</name>
         <uninitialized>true</uninitialized>
         <run_address>0x329e</run_address>
         <size>0x4</size>
      </object_component>
      <object_component id="oc-6f6">
         <name>.common:transactionArray3</name>
         <uninitialized>true</uninitialized>
         <run_address>0x2f2e</run_address>
         <size>0xb8</size>
      </object_component>
      <object_component id="oc-6f5">
         <name>.common:linkArray3</name>
         <uninitialized>true</uninitialized>
         <run_address>0x3168</run_address>
         <size>0x30</size>
      </object_component>
      <object_component id="oc-5df">
         <name>.common:spi</name>
         <uninitialized>true</uninitialized>
         <run_address>0x2e3e</run_address>
         <size>0xf0</size>
      </object_component>
      <object_component id="oc-6f9">
         <name>.common:sys</name>
         <uninitialized>true</uninitialized>
         <run_address>0x2fe6</run_address>
         <size>0x92</size>
      </object_component>
      <object_component id="oc-6a7">
         <name>.common:task_list_array</name>
         <uninitialized>true</uninitialized>
         <run_address>0x2400</run_address>
         <size>0x320</size>
      </object_component>
      <object_component id="oc-6a6">
         <name>.common:task_list_links</name>
         <uninitialized>true</uninitialized>
         <run_address>0x29e6</run_address>
         <size>0x258</size>
      </object_component>
      <object_component id="oc-66b">
         <name>.common:task_list</name>
         <uninitialized>true</uninitialized>
         <run_address>0x3198</run_address>
         <size>0x30</size>
      </object_component>
      <object_component id="oc-6c6">
         <name>.common:idle_task</name>
         <uninitialized>true</uninitialized>
         <run_address>0x329a</run_address>
         <size>0x4</size>
      </object_component>
      <object_component id="oc-41e">
         <name>.common:time_ms</name>
         <uninitialized>true</uninitialized>
         <run_address>0x32aa</run_address>
         <size>0x4</size>
      </object_component>
      <object_component id="oc-69d">
         <name>.common:rollover_time</name>
         <uninitialized>true</uninitialized>
         <run_address>0x32a2</run_address>
         <size>0x4</size>
      </object_component>
      <object_component id="oc-6e2">
         <name>.common:rx1</name>
         <uninitialized>true</uninitialized>
         <run_address>0x322a</run_address>
         <size>0x1c</size>
      </object_component>
      <object_component id="oc-6ea">
         <name>.common:tx1</name>
         <uninitialized>true</uninitialized>
         <run_address>0x3246</run_address>
         <size>0x1c</size>
      </object_component>
      <object_component id="oc-6eb">
         <name>.common:tx_buffer_array1</name>
         <uninitialized>true</uninitialized>
         <run_address>0x2c3e</run_address>
         <size>0x200</size>
      </object_component>
      <object_component id="oc-6e3">
         <name>.common:rx_buffer_array1</name>
         <uninitialized>true</uninitialized>
         <run_address>0x31ec</run_address>
         <size>0x20</size>
      </object_component>
      <object_component id="oc-6ec">
         <name>.common:receiverList1</name>
         <uninitialized>true</uninitialized>
         <run_address>0x3286</run_address>
         <size>0x8</size>
      </object_component>
      <object_component id="oc-6ed">
         <name>.common:receiver_array1</name>
         <uninitialized>true</uninitialized>
         <run_address>0x328e</run_address>
         <size>0x8</size>
      </object_component>
      <object_component id="oc-49a">
         <name>.common:uart</name>
         <uninitialized>true</uninitialized>
         <run_address>0x31c8</run_address>
         <size>0x24</size>
      </object_component>
      <object_component id="oc-4ae">
         <name>.common:rx_flags</name>
         <uninitialized>true</uninitialized>
         <run_address>0x32b4</run_address>
         <size>0x1</size>
      </object_component>
      <object_component id="oc-6db">
         <name>.common:error_flags</name>
         <uninitialized>true</uninitialized>
         <run_address>0x32b3</run_address>
         <size>0x1</size>
      </object_component>
      <object_component id="oc-ae3">
         <name>.data</name>
         <load_address>0x33d8</load_address>
         <run_address>0x33d8</run_address>
         <size>0x2</size>
         <input_file_ref idref="fl-9"/>
      </object_component>
      <object_component id="oc-52a">
         <name>.data</name>
         <load_address>0x33da</load_address>
         <run_address>0x33da</run_address>
         <size>0x2</size>
         <input_file_ref idref="fl-a"/>
      </object_component>
      <object_component id="oc-bcc">
         <name>.data:names</name>
         <load_address>0x32b6</load_address>
         <run_address>0x32b6</run_address>
         <size>0x104</size>
         <input_file_ref idref="fl-c"/>
      </object_component>
      <object_component id="oc-9e7">
         <name>.data</name>
         <load_address>0x33ce</load_address>
         <run_address>0x33ce</run_address>
         <size>0x6</size>
         <input_file_ref idref="fl-c"/>
      </object_component>
      <object_component id="oc-a7a">
         <name>.data:log_level_str</name>
         <load_address>0x33ba</load_address>
         <run_address>0x33ba</run_address>
         <size>0x14</size>
         <input_file_ref idref="fl-e"/>
      </object_component>
      <object_component id="oc-882">
         <name>.data</name>
         <load_address>0x33d4</load_address>
         <run_address>0x33d4</run_address>
         <size>0x4</size>
         <input_file_ref idref="fl-e"/>
      </object_component>
      <object_component id="oc-6a5">
         <name>.data</name>
         <load_address>0x33dc</load_address>
         <run_address>0x33dc</run_address>
         <size>0x1</size>
         <input_file_ref idref="fl-f"/>
      </object_component>
      <object_component id="oc-746">
         <name>.data</name>
         <load_address>0x33dd</load_address>
         <run_address>0x33dd</run_address>
         <size>0x1</size>
         <input_file_ref idref="fl-10"/>
      </object_component>
      <object_component id="oc-69c">
         <name>.data</name>
         <load_address>0x33de</load_address>
         <run_address>0x33de</run_address>
         <size>0x1</size>
         <input_file_ref idref="fl-12"/>
      </object_component>
      <object_component id="oc-6d4">
         <name>.data</name>
         <load_address>0x33df</load_address>
         <run_address>0x33df</run_address>
         <size>0x1</size>
         <input_file_ref idref="fl-13"/>
      </object_component>
      <object_component id="oc-37d">
         <name>.stack</name>
         <uninitialized>true</uninitialized>
         <run_address>0x42c0</run_address>
         <size>0x4</size>
         <input_file_ref idref="fl-58"/>
      </object_component>
      <object_component id="oc-cc7">
         <name>.stack</name>
         <uninitialized>true</uninitialized>
         <run_address>0x42c0</run_address>
         <size>0x0</size>
      </object_component>
      <object_component id="oc-757">
         <name>.text:__mspabi_addd</name>
         <load_address>0x10000</load_address>
         <run_address>0x10000</run_address>
         <size>0x2e0</size>
         <input_file_ref idref="fl-63"/>
      </object_component>
      <object_component id="oc-b89">
         <name>.text:TxToNextChild</name>
         <load_address>0x102e0</load_address>
         <run_address>0x102e0</run_address>
         <size>0x29a</size>
         <input_file_ref idref="fl-c"/>
      </object_component>
      <object_component id="oc-6ef">
         <name>.text:hal_SPI_Init</name>
         <load_address>0x1057a</load_address>
         <run_address>0x1057a</run_address>
         <size>0x278</size>
         <input_file_ref idref="fl-6"/>
      </object_component>
      <object_component id="oc-887">
         <name>.text:SystemCallback</name>
         <load_address>0x107f2</load_address>
         <run_address>0x107f2</run_address>
         <size>0x254</size>
         <input_file_ref idref="fl-e"/>
      </object_component>
      <object_component id="oc-91a">
         <name>.text:__TI_frcaddd</name>
         <load_address>0x10a46</load_address>
         <run_address>0x10a46</run_address>
         <size>0x248</size>
         <input_file_ref idref="fl-66"/>
      </object_component>
      <object_component id="oc-585">
         <name>.text:Accelerometer_Init</name>
         <load_address>0x10c8e</load_address>
         <run_address>0x10c8e</run_address>
         <size>0x222</size>
         <input_file_ref idref="fl-2"/>
      </object_component>
      <object_component id="oc-6dc">
         <name>.text:hal_UART_Init</name>
         <load_address>0x10eb0</load_address>
         <run_address>0x10eb0</run_address>
         <size>0x200</size>
         <input_file_ref idref="fl-7"/>
      </object_component>
      <object_component id="oc-8d5">
         <name>.text:nrf24_NetworkInitN</name>
         <load_address>0x110b0</load_address>
         <run_address>0x110b0</run_address>
         <size>0x1fc</size>
         <input_file_ref idref="fl-c"/>
      </object_component>
      <object_component id="oc-b1a">
         <name>.text:ProcessReceivedMsg</name>
         <load_address>0x112ac</load_address>
         <run_address>0x112ac</run_address>
         <size>0x1f8</size>
         <input_file_ref idref="fl-c"/>
      </object_component>
      <object_component id="oc-70e">
         <name>.text:Buffer_vprintf</name>
         <load_address>0x114a4</load_address>
         <run_address>0x114a4</run_address>
         <size>0x1d4</size>
         <input_file_ref idref="fl-4"/>
      </object_component>
      <object_component id="oc-7f9">
         <name>.text:CheckTransactions</name>
         <load_address>0x11678</load_address>
         <run_address>0x11678</run_address>
         <size>0x1b4</size>
         <input_file_ref idref="fl-d"/>
      </object_component>
      <object_component id="oc-57f">
         <name>.text:CallbackAccelerometer</name>
         <load_address>0x1182c</load_address>
         <run_address>0x1182c</run_address>
         <size>0x1a0</size>
         <input_file_ref idref="fl-a"/>
      </object_component>
      <object_component id="oc-6d5">
         <name>.text:UART_Tick</name>
         <load_address>0x119cc</load_address>
         <run_address>0x119cc</run_address>
         <size>0x1a0</size>
         <input_file_ref idref="fl-13"/>
      </object_component>
      <object_component id="oc-967">
         <name>.text:nRF24_EventHandler</name>
         <load_address>0x11b6c</load_address>
         <run_address>0x11b6c</run_address>
         <size>0x19e</size>
         <input_file_ref idref="fl-b"/>
      </object_component>
      <object_component id="oc-785">
         <name>.text:ReadAccelerometer</name>
         <load_address>0x11d0a</load_address>
         <run_address>0x11d0a</run_address>
         <size>0x17a</size>
         <input_file_ref idref="fl-2"/>
      </object_component>
      <object_component id="oc-a9d">
         <name>.text:nrf24_SendMsgN</name>
         <load_address>0x11e84</load_address>
         <run_address>0x11e84</run_address>
         <size>0x16e</size>
         <input_file_ref idref="fl-c"/>
      </object_component>
      <object_component id="oc-c22">
         <name>.text:AddDataForPipe</name>
         <load_address>0x11ff2</load_address>
         <run_address>0x11ff2</run_address>
         <size>0x16c</size>
         <input_file_ref idref="fl-c"/>
      </object_component>
      <object_component id="oc-b28">
         <name>.text:ProcessPayloadCallbackN</name>
         <load_address>0x1215e</load_address>
         <run_address>0x1215e</run_address>
         <size>0x160</size>
         <input_file_ref idref="fl-c"/>
      </object_component>
      <object_component id="oc-449">
         <name>.text:I2C_TransactionFail</name>
         <load_address>0x122be</load_address>
         <run_address>0x122be</run_address>
         <size>0x154</size>
         <input_file_ref idref="fl-8"/>
      </object_component>
      <object_component id="oc-9c4">
         <name>.text:ProcessMsg</name>
         <load_address>0x12412</load_address>
         <run_address>0x12412</run_address>
         <size>0x134</size>
         <input_file_ref idref="fl-e"/>
      </object_component>
      <object_component id="oc-958">
         <name>.text</name>
         <load_address>0x12546</load_address>
         <run_address>0x12546</run_address>
         <size>0x132</size>
         <input_file_ref idref="fl-37"/>
      </object_component>
      <object_component id="oc-67b">
         <name>.text:Link</name>
         <load_address>0x12678</load_address>
         <run_address>0x12678</run_address>
         <size>0x118</size>
         <input_file_ref idref="fl-9"/>
      </object_component>
      <object_component id="oc-a5c">
         <name>.text:NetworkTick</name>
         <load_address>0x12790</load_address>
         <run_address>0x12790</run_address>
         <size>0x106</size>
         <input_file_ref idref="fl-c"/>
      </object_component>
      <object_component id="oc-a47">
         <name>.text:UART_Receiver</name>
         <load_address>0x12896</load_address>
         <run_address>0x12896</run_address>
         <size>0xfc</size>
         <input_file_ref idref="fl-c"/>
      </object_component>
      <object_component id="oc-483">
         <name>.text:SPI_Tx_Handler</name>
         <load_address>0x12992</load_address>
         <run_address>0x12992</run_address>
         <size>0xf8</size>
         <input_file_ref idref="fl-d"/>
      </object_component>
      <object_component id="oc-805">
         <name>.text:Unlink</name>
         <load_address>0x12a8a</load_address>
         <run_address>0x12a8a</run_address>
         <size>0xf8</size>
         <input_file_ref idref="fl-9"/>
      </object_component>
      <object_component id="oc-740">
         <name>.text:TerminalCallback</name>
         <load_address>0x12b82</load_address>
         <run_address>0x12b82</run_address>
         <size>0xf6</size>
         <input_file_ref idref="fl-10"/>
      </object_component>
      <object_component id="oc-489">
         <name>.text:SPI_Rx_Handler</name>
         <load_address>0x12c78</load_address>
         <run_address>0x12c78</run_address>
         <size>0xf2</size>
         <input_file_ref idref="fl-d"/>
      </object_component>
      <object_component id="oc-ace">
         <name>.text:SPI_Transact</name>
         <load_address>0x12d6a</load_address>
         <run_address>0x12d6a</run_address>
         <size>0xf0</size>
         <input_file_ref idref="fl-d"/>
      </object_component>
      <object_component id="oc-be1">
         <name>.text:ProcessMessage</name>
         <load_address>0x12e5a</load_address>
         <run_address>0x12e5a</run_address>
         <size>0xe8</size>
         <input_file_ref idref="fl-c"/>
      </object_component>
      <object_component id="oc-50e">
         <name>.text:CheckTransactions</name>
         <load_address>0x12f42</load_address>
         <run_address>0x12f42</run_address>
         <size>0xe2</size>
         <input_file_ref idref="fl-8"/>
      </object_component>
      <object_component id="oc-45e">
         <name>.text:main</name>
         <load_address>0x13024</load_address>
         <run_address>0x13024</run_address>
         <size>0xe0</size>
         <input_file_ref idref="fl-a"/>
      </object_component>
      <object_component id="oc-691">
         <name>.text:setVCoreUp</name>
         <load_address>0x13104</load_address>
         <run_address>0x13104</run_address>
         <size>0xe0</size>
         <input_file_ref idref="fl-a"/>
      </object_component>
      <object_component id="oc-769">
         <name>.text:__mspabi_cmpd</name>
         <load_address>0x131e4</load_address>
         <run_address>0x131e4</run_address>
         <size>0xd8</size>
         <input_file_ref idref="fl-64"/>
      </object_component>
      <object_component id="oc-730">
         <name>.text:ThiefMessageHandler</name>
         <load_address>0x132bc</load_address>
         <run_address>0x132bc</run_address>
         <size>0xd0</size>
         <input_file_ref idref="fl-10"/>
      </object_component>
      <object_component id="oc-937">
         <name>.text:hal_I2C_Init</name>
         <load_address>0x1338c</load_address>
         <run_address>0x1338c</run_address>
         <size>0xd0</size>
         <input_file_ref idref="fl-5"/>
      </object_component>
      <object_component id="oc-a4a">
         <name>.text:nRF24_Init</name>
         <load_address>0x1345c</load_address>
         <run_address>0x1345c</run_address>
         <size>0xc6</size>
         <input_file_ref idref="fl-b"/>
      </object_component>
      <object_component id="oc-798">
         <name>.text:List_LinkItem</name>
         <load_address>0x13522</load_address>
         <run_address>0x13522</run_address>
         <size>0xbe</size>
         <input_file_ref idref="fl-9"/>
      </object_component>
      <object_component id="oc-9ed">
         <name>.text:SubsysCallback</name>
         <load_address>0x135e0</load_address>
         <run_address>0x135e0</run_address>
         <size>0xbe</size>
         <input_file_ref idref="fl-c"/>
      </object_component>
      <object_component id="oc-bd8">
         <name>.text:Buffer_EnqueueData</name>
         <load_address>0x1369e</load_address>
         <run_address>0x1369e</run_address>
         <size>0xba</size>
         <input_file_ref idref="fl-3"/>
      </object_component>
      <object_component id="oc-58b">
         <name>.text:SystemTick</name>
         <load_address>0x13758</load_address>
         <run_address>0x13758</run_address>
         <size>0xb8</size>
         <input_file_ref idref="fl-f"/>
      </object_component>
      <object_component id="oc-953">
         <name>.text</name>
         <load_address>0x13810</load_address>
         <run_address>0x13810</run_address>
         <size>0xb8</size>
         <input_file_ref idref="fl-39"/>
      </object_component>
      <object_component id="oc-897">
         <name>.text:Buffer_HexN</name>
         <load_address>0x138c8</load_address>
         <run_address>0x138c8</run_address>
         <size>0xb4</size>
         <input_file_ref idref="fl-4"/>
      </object_component>
      <object_component id="oc-a90">
         <name>.text:__TI_renormd</name>
         <load_address>0x1397c</load_address>
         <run_address>0x1397c</run_address>
         <size>0xb2</size>
         <input_file_ref idref="fl-67"/>
      </object_component>
      <object_component id="oc-a56">
         <name>.text:ConfigureNetwork</name>
         <load_address>0x13a2e</load_address>
         <run_address>0x13a2e</run_address>
         <size>0xac</size>
         <input_file_ref idref="fl-c"/>
      </object_component>
      <object_component id="oc-78c">
         <name>.text:List_Link</name>
         <load_address>0x13ada</load_address>
         <run_address>0x13ada</run_address>
         <size>0xa8</size>
         <input_file_ref idref="fl-9"/>
      </object_component>
      <object_component id="oc-613">
         <name>.text:FinishTransaction</name>
         <load_address>0x13b82</load_address>
         <run_address>0x13b82</run_address>
         <size>0xa6</size>
         <input_file_ref idref="fl-d"/>
      </object_component>
      <object_component id="oc-be9">
         <name>.text:CheckAckMessage</name>
         <load_address>0x13c28</load_address>
         <run_address>0x13c28</run_address>
         <size>0xa4</size>
         <input_file_ref idref="fl-c"/>
      </object_component>
      <object_component id="oc-9a1">
         <name>.text:FindUnusedLink</name>
         <load_address>0x13ccc</load_address>
         <run_address>0x13ccc</run_address>
         <size>0x9e</size>
         <input_file_ref idref="fl-9"/>
      </object_component>
      <object_component id="oc-53c">
         <name>.text:UART_Init</name>
         <load_address>0x13d6a</load_address>
         <run_address>0x13d6a</run_address>
         <size>0x9e</size>
         <input_file_ref idref="fl-13"/>
      </object_component>
      <object_component id="oc-8bb">
         <name>.text:Buffer_Float</name>
         <load_address>0x13e08</load_address>
         <run_address>0x13e08</run_address>
         <size>0x9c</size>
         <input_file_ref idref="fl-4"/>
      </object_component>
      <object_component id="oc-77c">
         <name>.text:I2C_Transact</name>
         <load_address>0x13ea4</load_address>
         <run_address>0x13ea4</run_address>
         <size>0x9c</size>
         <input_file_ref idref="fl-8"/>
      </object_component>
      <object_component id="oc-b2f">
         <name>.text:AckPayloadSentCallbackN</name>
         <load_address>0x13f40</load_address>
         <run_address>0x13f40</run_address>
         <size>0x94</size>
         <input_file_ref idref="fl-c"/>
      </object_component>
      <object_component id="oc-4a3">
         <name>.text:Buffer_Enqueue</name>
         <load_address>0x13fd4</load_address>
         <run_address>0x13fd4</run_address>
         <size>0x90</size>
         <input_file_ref idref="fl-3"/>
      </object_component>
      <object_component id="oc-bb5">
         <name>.text:QueueMsgToParent</name>
         <load_address>0x14064</load_address>
         <run_address>0x14064</run_address>
         <size>0x8e</size>
         <input_file_ref idref="fl-c"/>
      </object_component>
      <object_component id="oc-6a8">
         <name>.text:List_Init</name>
         <load_address>0x140f2</load_address>
         <run_address>0x140f2</run_address>
         <size>0x8c</size>
         <input_file_ref idref="fl-9"/>
      </object_component>
      <object_component id="oc-763">
         <name>.text:__mspabi_cvtdf</name>
         <load_address>0x1417e</load_address>
         <run_address>0x1417e</run_address>
         <size>0x8c</size>
         <input_file_ref idref="fl-62"/>
      </object_component>
      <object_component id="oc-4f9">
         <name>.text:FinishTransaction</name>
         <load_address>0x1420a</load_address>
         <run_address>0x1420a</run_address>
         <size>0x8a</size>
         <input_file_ref idref="fl-8"/>
      </object_component>
      <object_component id="oc-b8f">
         <name>.text:GetMsgForChild</name>
         <load_address>0x14294</load_address>
         <run_address>0x14294</run_address>
         <size>0x88</size>
         <input_file_ref idref="fl-c"/>
      </object_component>
      <object_component id="oc-88d">
         <name>.text:Receiver</name>
         <load_address>0x1431c</load_address>
         <run_address>0x1431c</run_address>
         <size>0x80</size>
         <input_file_ref idref="fl-e"/>
      </object_component>
      <object_component id="oc-9db">
         <name>.text</name>
         <load_address>0x1439c</load_address>
         <run_address>0x1439c</run_address>
         <size>0x7e</size>
         <input_file_ref idref="fl-3b"/>
      </object_component>
      <object_component id="oc-558">
         <name>.text:Subsystem_Init</name>
         <load_address>0x1441a</load_address>
         <run_address>0x1441a</run_address>
         <size>0x7c</size>
         <input_file_ref idref="fl-e"/>
      </object_component>
      <object_component id="oc-b7c">
         <name>.text:nRF24_OpenRxPipe</name>
         <load_address>0x14496</load_address>
         <run_address>0x14496</run_address>
         <size>0x7c</size>
         <input_file_ref idref="fl-b"/>
      </object_component>
      <object_component id="oc-51e">
         <name>.text:SetClk24MHz</name>
         <load_address>0x14512</load_address>
         <run_address>0x14512</run_address>
         <size>0x78</size>
         <input_file_ref idref="fl-a"/>
      </object_component>
      <object_component id="oc-b82">
         <name>.text:nRF24_StartListening</name>
         <load_address>0x1458a</load_address>
         <run_address>0x1458a</run_address>
         <size>0x78</size>
         <input_file_ref idref="fl-b"/>
      </object_component>
      <object_component id="oc-9f9">
         <name>.text:ControlHandler</name>
         <load_address>0x14602</load_address>
         <run_address>0x14602</run_address>
         <size>0x76</size>
         <input_file_ref idref="fl-c"/>
      </object_component>
      <object_component id="oc-443">
         <name>.text:I2C_Rx_Handler</name>
         <load_address>0x14678</load_address>
         <run_address>0x14678</run_address>
         <size>0x76</size>
         <input_file_ref idref="fl-8"/>
      </object_component>
      <object_component id="oc-9ff">
         <name>.text:SensorHandler</name>
         <load_address>0x146ee</load_address>
         <run_address>0x146ee</run_address>
         <size>0x76</size>
         <input_file_ref idref="fl-c"/>
      </object_component>
      <object_component id="oc-6d">
         <name>.text:decompress:lzss:__TI_decompress_lzss</name>
         <load_address>0x14764</load_address>
         <run_address>0x14764</run_address>
         <size>0x76</size>
         <input_file_ref idref="fl-61"/>
      </object_component>
      <object_component id="oc-b76">
         <name>.text:TxEmptyPacket</name>
         <load_address>0x147da</load_address>
         <run_address>0x147da</run_address>
         <size>0x74</size>
         <input_file_ref idref="fl-c"/>
      </object_component>
      <object_component id="oc-9f3">
         <name>.text:SystemHandler</name>
         <load_address>0x1484e</load_address>
         <run_address>0x1484e</run_address>
         <size>0x70</size>
         <input_file_ref idref="fl-c"/>
      </object_component>
      <object_component id="oc-536">
         <name>.text:Task_Init</name>
         <load_address>0x148be</load_address>
         <run_address>0x148be</run_address>
         <size>0x70</size>
         <input_file_ref idref="fl-f"/>
      </object_component>
      <object_component id="oc-579">
         <name>.text:Thief_Init</name>
         <load_address>0x1492e</load_address>
         <run_address>0x1492e</run_address>
         <size>0x6e</size>
         <input_file_ref idref="fl-10"/>
      </object_component>
      <object_component id="oc-43d">
         <name>.text:I2C_GetTxByte</name>
         <load_address>0x1499c</load_address>
         <run_address>0x1499c</run_address>
         <size>0x6c</size>
         <input_file_ref idref="fl-8"/>
      </object_component>
      <object_component id="oc-bf0">
         <name>.text:nRF24_WriteAck</name>
         <load_address>0x14a08</load_address>
         <run_address>0x14a08</run_address>
         <size>0x6a</size>
         <input_file_ref idref="fl-b"/>
      </object_component>
      <object_component id="oc-9d6">
         <name>.text</name>
         <load_address>0x14a72</load_address>
         <run_address>0x14a72</run_address>
         <size>0x68</size>
         <input_file_ref idref="fl-3a"/>
      </object_component>
      <object_component id="oc-751">
         <name>.text:__mspabi_cvtfd</name>
         <load_address>0x14ada</load_address>
         <run_address>0x14ada</run_address>
         <size>0x66</size>
         <input_file_ref idref="fl-65"/>
      </object_component>
      <object_component id="oc-c0b">
         <name>.text:nRF24_WriteMultReg</name>
         <load_address>0x14b40</load_address>
         <run_address>0x14b40</run_address>
         <size>0x66</size>
         <input_file_ref idref="fl-b"/>
      </object_component>
      <object_component id="oc-95f">
         <name>.text:FindLinkByItem</name>
         <load_address>0x14ba6</load_address>
         <run_address>0x14ba6</run_address>
         <size>0x64</size>
         <input_file_ref idref="fl-9"/>
      </object_component>
      <object_component id="oc-514">
         <name>.text:hal_I2C_SendStart</name>
         <load_address>0x14c0a</load_address>
         <run_address>0x14c0a</run_address>
         <size>0x64</size>
         <input_file_ref idref="fl-5"/>
      </object_component>
      <object_component id="oc-8a3">
         <name>.text:Buffer_uint32</name>
         <load_address>0x14c6e</load_address>
         <run_address>0x14c6e</run_address>
         <size>0x62</size>
         <input_file_ref idref="fl-4"/>
      </object_component>
      <object_component id="oc-749">
         <name>.text:Subsystem_Write</name>
         <load_address>0x14cd0</load_address>
         <run_address>0x14cd0</run_address>
         <size>0x5a</size>
         <input_file_ref idref="fl-e"/>
      </object_component>
      <object_component id="oc-83e">
         <name>.text</name>
         <load_address>0x14d2a</load_address>
         <run_address>0x14d2a</run_address>
         <size>0x58</size>
         <input_file_ref idref="fl-36"/>
      </object_component>
      <object_component id="oc-714">
         <name>.text:UART_Tx_Start</name>
         <load_address>0x14d82</load_address>
         <run_address>0x14d82</run_address>
         <size>0x56</size>
         <input_file_ref idref="fl-13"/>
      </object_component>
      <object_component id="oc-66e">
         <name>.text:List_AddIndirect</name>
         <load_address>0x14dd8</load_address>
         <run_address>0x14dd8</run_address>
         <size>0x54</size>
         <input_file_ref idref="fl-9"/>
      </object_component>
      <object_component id="oc-5be">
         <name>.text:__TI_auto_init_nobinit_nopinit_hold_wdt:__TI_auto_init_nobinit_nopinit_hold_wdt</name>
         <load_address>0x14e2c</load_address>
         <run_address>0x14e2c</run_address>
         <size>0x54</size>
         <input_file_ref idref="fl-59"/>
      </object_component>
      <object_component id="oc-8a9">
         <name>.text:Buffer_uint16</name>
         <load_address>0x14e80</load_address>
         <run_address>0x14e80</run_address>
         <size>0x52</size>
         <input_file_ref idref="fl-4"/>
      </object_component>
      <object_component id="oc-542">
         <name>.text:SPI_Init</name>
         <load_address>0x14ed2</load_address>
         <run_address>0x14ed2</run_address>
         <size>0x52</size>
         <input_file_ref idref="fl-d"/>
      </object_component>
      <object_component id="oc-8dd">
         <name>.text:nrf24_RegisterMsgHandlerN</name>
         <load_address>0x14f24</load_address>
         <run_address>0x14f24</run_address>
         <size>0x52</size>
         <input_file_ref idref="fl-c"/>
      </object_component>
      <object_component id="oc-417">
         <name>.text:UART_Tx_Handler</name>
         <load_address>0x14f76</load_address>
         <run_address>0x14f76</run_address>
         <size>0x4e</size>
         <input_file_ref idref="fl-13"/>
      </object_component>
      <object_component id="oc-b95">
         <name>.text:nRF24_Write</name>
         <load_address>0x14fc4</load_address>
         <run_address>0x14fc4</run_address>
         <size>0x4e</size>
         <input_file_ref idref="fl-b"/>
      </object_component>
      <object_component id="oc-700">
         <name>.text:Subsystem_SystemInit</name>
         <load_address>0x15012</load_address>
         <run_address>0x15012</run_address>
         <size>0x4c</size>
         <input_file_ref idref="fl-e"/>
      </object_component>
      <object_component id="oc-8cb">
         <name>.text:Thief_Access</name>
         <load_address>0x1505e</load_address>
         <run_address>0x1505e</run_address>
         <size>0x4c</size>
         <input_file_ref idref="fl-10"/>
      </object_component>
      <object_component id="oc-ac8">
         <name>.text:nRF24_GetPayloadLength</name>
         <load_address>0x150aa</load_address>
         <run_address>0x150aa</run_address>
         <size>0x4c</size>
         <input_file_ref idref="fl-b"/>
      </object_component>
      <object_component id="oc-6cd">
         <name>.text:Task_Schedule</name>
         <load_address>0x150f6</load_address>
         <run_address>0x150f6</run_address>
         <size>0x4a</size>
         <input_file_ref idref="fl-f"/>
      </object_component>
      <object_component id="oc-76f">
         <name>.text:Thief_Trip</name>
         <load_address>0x15140</load_address>
         <run_address>0x15140</run_address>
         <size>0x4a</size>
         <input_file_ref idref="fl-10"/>
      </object_component>
      <object_component id="oc-abc">
         <name>.text:nRF24_ReadReg</name>
         <load_address>0x1518a</load_address>
         <run_address>0x1518a</run_address>
         <size>0x4a</size>
         <input_file_ref idref="fl-b"/>
      </object_component>
      <object_component id="oc-ac2">
         <name>.text:nRF24_WriteReg</name>
         <load_address>0x151d4</load_address>
         <run_address>0x151d4</run_address>
         <size>0x4a</size>
         <input_file_ref idref="fl-b"/>
      </object_component>
      <object_component id="oc-b62">
         <name>.text:nRF24_FlushRx</name>
         <load_address>0x1521e</load_address>
         <run_address>0x1521e</run_address>
         <size>0x48</size>
         <input_file_ref idref="fl-b"/>
      </object_component>
      <object_component id="oc-b68">
         <name>.text:nRF24_FlushTx</name>
         <load_address>0x15266</load_address>
         <run_address>0x15266</run_address>
         <size>0x48</size>
         <input_file_ref idref="fl-b"/>
      </object_component>
      <object_component id="oc-b70">
         <name>.text:nRF24_OpenTxPipe</name>
         <load_address>0x152ae</load_address>
         <run_address>0x152ae</run_address>
         <size>0x48</size>
         <input_file_ref idref="fl-b"/>
      </object_component>
      <object_component id="oc-af5">
         <name>.text:nrf24_Ping</name>
         <load_address>0x152f6</load_address>
         <run_address>0x152f6</run_address>
         <size>0x46</size>
         <input_file_ref idref="fl-c"/>
      </object_component>
      <object_component id="oc-8fa">
         <name>.text:Log_Header</name>
         <load_address>0x1533c</load_address>
         <run_address>0x1533c</run_address>
         <size>0x44</size>
         <input_file_ref idref="fl-e"/>
      </object_component>
      <object_component id="oc-6c7">
         <name>.text:RollTimer</name>
         <load_address>0x15380</load_address>
         <run_address>0x15380</run_address>
         <size>0x44</size>
         <input_file_ref idref="fl-f"/>
      </object_component>
      <object_component id="oc-56d">
         <name>.text:Trap_Arm</name>
         <load_address>0x153c4</load_address>
         <run_address>0x153c4</run_address>
         <size>0x44</size>
         <input_file_ref idref="fl-a"/>
      </object_component>
      <object_component id="oc-890">
         <name>.text:UART_RegisterReceiver</name>
         <load_address>0x15408</load_address>
         <run_address>0x15408</run_address>
         <size>0x44</size>
         <input_file_ref idref="fl-13"/>
      </object_component>
      <object_component id="oc-776">
         <name>.text:I2C_Init</name>
         <load_address>0x1544c</load_address>
         <run_address>0x1544c</run_address>
         <size>0x42</size>
         <input_file_ref idref="fl-8"/>
      </object_component>
      <object_component id="oc-607">
         <name>.text:hal_SPI_OverrunError</name>
         <load_address>0x1548e</load_address>
         <run_address>0x1548e</run_address>
         <size>0x40</size>
         <input_file_ref idref="fl-6"/>
      </object_component>
      <object_component id="oc-5d9">
         <name>.text:hal_SPI_TxIntStatus</name>
         <load_address>0x154ce</load_address>
         <run_address>0x154ce</run_address>
         <size>0x40</size>
         <input_file_ref idref="fl-6"/>
      </object_component>
      <object_component id="oc-c46">
         <name>.text</name>
         <load_address>0x1550e</load_address>
         <run_address>0x1550e</run_address>
         <size>0x40</size>
         <input_file_ref idref="fl-35"/>
      </object_component>
      <object_component id="oc-4b7">
         <name>.text:Buffer_Dequeue</name>
         <load_address>0x1554e</load_address>
         <run_address>0x1554e</run_address>
         <size>0x3e</size>
         <input_file_ref idref="fl-3"/>
      </object_component>
      <object_component id="oc-b09">
         <name>.text:TimeSince</name>
         <load_address>0x1558c</load_address>
         <run_address>0x1558c</run_address>
         <size>0x3e</size>
         <input_file_ref idref="fl-12"/>
      </object_component>
      <object_component id="oc-40b">
         <name>.text:UART_Rx_Handler</name>
         <load_address>0x155ca</load_address>
         <run_address>0x155ca</run_address>
         <size>0x3e</size>
         <input_file_ref idref="fl-13"/>
      </object_component>
      <object_component id="oc-b02">
         <name>.text:UART_Write</name>
         <load_address>0x15608</load_address>
         <run_address>0x15608</run_address>
         <size>0x3e</size>
         <input_file_ref idref="fl-13"/>
      </object_component>
      <object_component id="oc-90f">
         <name>.text:l_asr_const</name>
         <load_address>0x15646</load_address>
         <run_address>0x15646</run_address>
         <size>0x3e</size>
         <input_file_ref idref="fl-71"/>
      </object_component>
      <object_component id="oc-928">
         <name>.text:l_lsl_const</name>
         <load_address>0x15684</load_address>
         <run_address>0x15684</run_address>
         <size>0x3e</size>
         <input_file_ref idref="fl-72"/>
      </object_component>
      <object_component id="oc-843">
         <name>.text:l_lsr_const</name>
         <load_address>0x156c2</load_address>
         <run_address>0x156c2</run_address>
         <size>0x3e</size>
         <input_file_ref idref="fl-50"/>
      </object_component>
      <object_component id="oc-aef">
         <name>.text:AddressFromName</name>
         <load_address>0x15700</load_address>
         <run_address>0x15700</run_address>
         <size>0x3a</size>
         <input_file_ref idref="fl-c"/>
      </object_component>
      <object_component id="oc-940">
         <name>.text:List_AddAndLink</name>
         <load_address>0x1573a</load_address>
         <run_address>0x1573a</run_address>
         <size>0x3a</size>
         <input_file_ref idref="fl-9"/>
      </object_component>
      <object_component id="oc-508">
         <name>.text:List_ResortFirst</name>
         <load_address>0x15774</load_address>
         <run_address>0x15774</run_address>
         <size>0x38</size>
         <input_file_ref idref="fl-9"/>
      </object_component>
      <object_component id="oc-c38">
         <name>.text:TimeSinceUs</name>
         <load_address>0x157ac</load_address>
         <run_address>0x157ac</run_address>
         <size>0x38</size>
         <input_file_ref idref="fl-12"/>
      </object_component>
      <object_component id="oc-601">
         <name>.text:hal_SPI_DataAvailable</name>
         <load_address>0x157e4</load_address>
         <run_address>0x157e4</run_address>
         <size>0x38</size>
         <input_file_ref idref="fl-6"/>
      </object_component>
      <object_component id="oc-5fb">
         <name>.text:hal_SPI_RxIntStatus</name>
         <load_address>0x1581c</load_address>
         <run_address>0x1581c</run_address>
         <size>0x38</size>
         <input_file_ref idref="fl-6"/>
      </object_component>
      <object_component id="oc-5ee">
         <name>.text:hal_SPI_SpaceAvailable</name>
         <load_address>0x15854</load_address>
         <run_address>0x15854</run_address>
         <size>0x38</size>
         <input_file_ref idref="fl-6"/>
      </object_component>
      <object_component id="oc-b13">
         <name>.text:TxAckCallbackN</name>
         <load_address>0x1588c</load_address>
         <run_address>0x1588c</run_address>
         <size>0x36</size>
         <input_file_ref idref="fl-c"/>
      </object_component>
      <object_component id="oc-94e">
         <name>.text</name>
         <load_address>0x158c2</load_address>
         <run_address>0x158c2</run_address>
         <size>0x36</size>
         <input_file_ref idref="fl-38"/>
      </object_component>
      <object_component id="oc-8f1">
         <name>.text:strcasecmp</name>
         <load_address>0x158f8</load_address>
         <run_address>0x158f8</run_address>
         <size>0x36</size>
         <input_file_ref idref="fl-6d"/>
      </object_component>
      <object_component id="oc-8eb">
         <name>.text:ArgToU8</name>
         <load_address>0x1592e</load_address>
         <run_address>0x1592e</run_address>
         <size>0x34</size>
         <input_file_ref idref="fl-e"/>
      </object_component>
      <object_component id="oc-815">
         <name>.text:GetUnusedLink</name>
         <load_address>0x15962</load_address>
         <run_address>0x15962</run_address>
         <size>0x34</size>
         <input_file_ref idref="fl-9"/>
      </object_component>
      <object_component id="oc-4ff">
         <name>.text:Task_Queue</name>
         <load_address>0x15996</load_address>
         <run_address>0x15996</run_address>
         <size>0x32</size>
         <input_file_ref idref="fl-f"/>
      </object_component>
      <object_component id="oc-561">
         <name>.text:UART_printf</name>
         <load_address>0x159c8</load_address>
         <run_address>0x159c8</run_address>
         <size>0x32</size>
         <input_file_ref idref="fl-13"/>
      </object_component>
      <object_component id="oc-75d">
         <name>.text:__mspabi_subd</name>
         <load_address>0x159fa</load_address>
         <run_address>0x159fa</run_address>
         <size>0x32</size>
         <input_file_ref idref="fl-68"/>
      </object_component>
      <object_component id="oc-b4a">
         <name>.text:nRF24_SetDataRate</name>
         <load_address>0x15a2c</load_address>
         <run_address>0x15a2c</run_address>
         <size>0x32</size>
         <input_file_ref idref="fl-b"/>
      </object_component>
      <object_component id="oc-7f3">
         <name>.text:HandleCallback</name>
         <load_address>0x15a5e</load_address>
         <run_address>0x15a5e</run_address>
         <size>0x30</size>
         <input_file_ref idref="fl-d"/>
      </object_component>
      <object_component id="oc-437">
         <name>.text:I2C_TransactionSuccess</name>
         <load_address>0x15a8e</load_address>
         <run_address>0x15a8e</run_address>
         <size>0x30</size>
         <input_file_ref idref="fl-8"/>
      </object_component>
      <object_component id="oc-c32">
         <name>.text:TimeNowUs</name>
         <load_address>0x15abe</load_address>
         <run_address>0x15abe</run_address>
         <size>0x30</size>
         <input_file_ref idref="fl-12"/>
      </object_component>
      <object_component id="oc-60d">
         <name>.text:hal_SPI_RxByte</name>
         <load_address>0x15aee</load_address>
         <run_address>0x15aee</run_address>
         <size>0x30</size>
         <input_file_ref idref="fl-6"/>
      </object_component>
      <object_component id="oc-900">
         <name>.text:UART_vprintf</name>
         <load_address>0x15b1e</load_address>
         <run_address>0x15b1e</run_address>
         <size>0x2e</size>
         <input_file_ref idref="fl-13"/>
      </object_component>
      <object_component id="oc-b44">
         <name>.text:nRF24_SetPowerAmplificationLevel</name>
         <load_address>0x15b4c</load_address>
         <run_address>0x15b4c</run_address>
         <size>0x2e</size>
         <input_file_ref idref="fl-b"/>
      </object_component>
      <object_component id="oc-bcf">
         <name>.text:strncmp</name>
         <load_address>0x15b7a</load_address>
         <run_address>0x15b7a</run_address>
         <size>0x2e</size>
         <input_file_ref idref="fl-6f"/>
      </object_component>
      <object_component id="oc-664">
         <name>.text:HandleCallback</name>
         <load_address>0x15ba8</load_address>
         <run_address>0x15ba8</run_address>
         <size>0x2c</size>
         <input_file_ref idref="fl-8"/>
      </object_component>
      <object_component id="oc-a74">
         <name>.text:Subsystem_GetName</name>
         <load_address>0x15bd4</load_address>
         <run_address>0x15bd4</run_address>
         <size>0x2c</size>
         <input_file_ref idref="fl-e"/>
      </object_component>
      <object_component id="oc-b5c">
         <name>.text:nRF24_SetActive</name>
         <load_address>0x15c00</load_address>
         <run_address>0x15c00</run_address>
         <size>0x2c</size>
         <input_file_ref idref="fl-b"/>
      </object_component>
      <object_component id="oc-6e4">
         <name>.text:Buffer_Init</name>
         <load_address>0x15c2c</load_address>
         <run_address>0x15c2c</run_address>
         <size>0x2a</size>
         <input_file_ref idref="fl-3"/>
      </object_component>
      <object_component id="oc-89d">
         <name>.text:Buffer_int32</name>
         <load_address>0x15c56</load_address>
         <run_address>0x15c56</run_address>
         <size>0x2a</size>
         <input_file_ref idref="fl-4"/>
      </object_component>
      <object_component id="oc-906">
         <name>.text:UART_WriteByte</name>
         <load_address>0x15c80</load_address>
         <run_address>0x15c80</run_address>
         <size>0x2a</size>
         <input_file_ref idref="fl-13"/>
      </object_component>
      <object_component id="oc-619">
         <name>.text:hal_SPI_ClearRxIF</name>
         <load_address>0x15caa</load_address>
         <run_address>0x15caa</run_address>
         <size>0x2a</size>
         <input_file_ref idref="fl-6"/>
      </object_component>
      <object_component id="oc-5f4">
         <name>.text:hal_SPI_ClearTxIF</name>
         <load_address>0x15cd4</load_address>
         <run_address>0x15cd4</run_address>
         <size>0x2a</size>
         <input_file_ref idref="fl-6"/>
      </object_component>
      <object_component id="oc-85c">
         <name>.text:hal_SPI_Disable</name>
         <load_address>0x15cfe</load_address>
         <run_address>0x15cfe</run_address>
         <size>0x2a</size>
         <input_file_ref idref="fl-6"/>
      </object_component>
      <object_component id="oc-5e2">
         <name>.text:hal_SPI_DisableTxInterrupt</name>
         <load_address>0x15d28</load_address>
         <run_address>0x15d28</run_address>
         <size>0x2a</size>
         <input_file_ref idref="fl-6"/>
      </object_component>
      <object_component id="oc-862">
         <name>.text:hal_SPI_Enable</name>
         <load_address>0x15d52</load_address>
         <run_address>0x15d52</run_address>
         <size>0x2a</size>
         <input_file_ref idref="fl-6"/>
      </object_component>
      <object_component id="oc-868">
         <name>.text:hal_SPI_EnableRxInterrupt</name>
         <load_address>0x15d7c</load_address>
         <run_address>0x15d7c</run_address>
         <size>0x2a</size>
         <input_file_ref idref="fl-6"/>
      </object_component>
      <object_component id="oc-999">
         <name>.text:hal_SPI_EnableTxInterrupt</name>
         <load_address>0x15da6</load_address>
         <run_address>0x15da6</run_address>
         <size>0x2a</size>
         <input_file_ref idref="fl-6"/>
      </object_component>
      <object_component id="oc-5e8">
         <name>.text:hal_SPI_TxByte</name>
         <load_address>0x15dd0</load_address>
         <run_address>0x15dd0</run_address>
         <size>0x2a</size>
         <input_file_ref idref="fl-6"/>
      </object_component>
      <object_component id="oc-b50">
         <name>.text:nRF24_SetCRCMode</name>
         <load_address>0x15dfa</load_address>
         <run_address>0x15dfa</run_address>
         <size>0x2a</size>
         <input_file_ref idref="fl-b"/>
      </object_component>
      <object_component id="oc-b3e">
         <name>.text:DelayMs</name>
         <load_address>0x15e24</load_address>
         <run_address>0x15e24</run_address>
         <size>0x28</size>
         <input_file_ref idref="fl-12"/>
      </object_component>
      <object_component id="oc-a05">
         <name>.text:ChatHandler</name>
         <load_address>0x15e4c</load_address>
         <run_address>0x15e4c</run_address>
         <size>0x26</size>
         <input_file_ref idref="fl-c"/>
      </object_component>
      <object_component id="oc-bfc">
         <name>.text:DelayUs</name>
         <load_address>0x15e72</load_address>
         <run_address>0x15e72</run_address>
         <size>0x24</size>
         <input_file_ref idref="fl-12"/>
      </object_component>
      <object_component id="oc-3bc">
         <name>.text:decompress:ZI:__TI_zero_init</name>
         <load_address>0x15e96</load_address>
         <run_address>0x15e96</run_address>
         <size>0x24</size>
         <input_file_ref idref="fl-5a"/>
      </object_component>
      <object_component id="oc-8c3">
         <name>.text:hal_UART_TxInterruptEnabled</name>
         <load_address>0x15eba</load_address>
         <run_address>0x15eba</run_address>
         <size>0x24</size>
         <input_file_ref idref="fl-7"/>
      </object_component>
      <object_component id="oc-c4b">
         <name>.text</name>
         <load_address>0x15ede</load_address>
         <run_address>0x15ede</run_address>
         <size>0x24</size>
         <input_file_ref idref="fl-55"/>
      </object_component>
      <object_component id="oc-8b5">
         <name>.text:Buffer_int16</name>
         <load_address>0x15f02</load_address>
         <run_address>0x15f02</run_address>
         <size>0x22</size>
         <input_file_ref idref="fl-4"/>
      </object_component>
      <object_component id="oc-591">
         <name>.text:RF1_PollIRQ</name>
         <load_address>0x15f24</load_address>
         <run_address>0x15f24</run_address>
         <size>0x22</size>
         <input_file_ref idref="fl-a"/>
      </object_component>
      <object_component id="oc-683">
         <name>.text:List_GetFirst</name>
         <load_address>0x15f46</load_address>
         <run_address>0x15f46</run_address>
         <size>0x20</size>
         <input_file_ref idref="fl-9"/>
      </object_component>
      <object_component id="oc-4af">
         <name>.text:hal_UART_DataAvailable</name>
         <load_address>0x15f66</load_address>
         <run_address>0x15f66</run_address>
         <size>0x20</size>
         <input_file_ref idref="fl-7"/>
      </object_component>
      <object_component id="oc-4c3">
         <name>.text:hal_UART_SpaceAvailable</name>
         <load_address>0x15f86</load_address>
         <run_address>0x15f86</run_address>
         <size>0x20</size>
         <input_file_ref idref="fl-7"/>
      </object_component>
      <object_component id="oc-792">
         <name>.text:List_Remove</name>
         <load_address>0x15fa6</load_address>
         <run_address>0x15fa6</run_address>
         <size>0x1e</size>
         <input_file_ref idref="fl-9"/>
      </object_component>
      <object_component id="oc-afb">
         <name>.text:NameFromAddress</name>
         <load_address>0x15fc4</load_address>
         <run_address>0x15fc4</run_address>
         <size>0x1e</size>
         <input_file_ref idref="fl-c"/>
      </object_component>
      <object_component id="oc-530">
         <name>.text:Timing_Init</name>
         <load_address>0x15fe2</load_address>
         <run_address>0x15fe2</run_address>
         <size>0x1e</size>
         <input_file_ref idref="fl-12"/>
      </object_component>
      <object_component id="oc-431">
         <name>.text:I2C_GetStayActive</name>
         <load_address>0x16000</load_address>
         <run_address>0x16000</run_address>
         <size>0x1c</size>
         <input_file_ref idref="fl-8"/>
      </object_component>
      <object_component id="oc-573">
         <name>.text:Trap_Disarm</name>
         <load_address>0x1601c</load_address>
         <run_address>0x1601c</run_address>
         <size>0x1c</size>
         <input_file_ref idref="fl-a"/>
      </object_component>
      <object_component id="oc-49d">
         <name>.text:hal_UART_RxByte</name>
         <load_address>0x16038</load_address>
         <run_address>0x16038</run_address>
         <size>0x1c</size>
         <input_file_ref idref="fl-7"/>
      </object_component>
      <object_component id="oc-8af">
         <name>.text:Buffer_Str</name>
         <load_address>0x16054</load_address>
         <run_address>0x16054</run_address>
         <size>0x1a</size>
         <input_file_ref idref="fl-4"/>
      </object_component>
      <object_component id="oc-6ae">
         <name>.text:SortTask</name>
         <load_address>0x1606e</load_address>
         <run_address>0x1606e</run_address>
         <size>0x1a</size>
         <input_file_ref idref="fl-f"/>
      </object_component>
      <object_component id="oc-ab0">
         <name>.text:hal_I2C_EnableInterrupts</name>
         <load_address>0x16088</load_address>
         <run_address>0x16088</run_address>
         <size>0x1a</size>
         <input_file_ref idref="fl-5"/>
      </object_component>
      <object_component id="oc-930">
         <name>.text:nrf24_SendMsg</name>
         <load_address>0x160a2</load_address>
         <run_address>0x160a2</run_address>
         <size>0x1a</size>
         <input_file_ref idref="fl-c"/>
      </object_component>
      <object_component id="oc-42b">
         <name>.text:I2C_GetRxSize</name>
         <load_address>0x160bc</load_address>
         <run_address>0x160bc</run_address>
         <size>0x18</size>
         <input_file_ref idref="fl-8"/>
      </object_component>
      <object_component id="oc-829">
         <name>.text:List_GetNext</name>
         <load_address>0x160d4</load_address>
         <run_address>0x160d4</run_address>
         <size>0x18</size>
         <input_file_ref idref="fl-9"/>
      </object_component>
      <object_component id="oc-69e">
         <name>.text:hal_Timing_Init</name>
         <load_address>0x160ec</load_address>
         <run_address>0x160ec</run_address>
         <size>0x18</size>
         <input_file_ref idref="fl-12"/>
      </object_component>
      <object_component id="oc-c05">
         <name>.text:nRF24_Standby</name>
         <load_address>0x16104</load_address>
         <run_address>0x16104</run_address>
         <size>0x18</size>
         <input_file_ref idref="fl-b"/>
      </object_component>
      <object_component id="oc-72a">
         <name>.text:nrf24_NetworkInit</name>
         <load_address>0x1611c</load_address>
         <run_address>0x1611c</run_address>
         <size>0x18</size>
         <input_file_ref idref="fl-c"/>
      </object_component>
      <object_component id="oc-495">
         <name>.text</name>
         <load_address>0x16134</load_address>
         <run_address>0x16134</run_address>
         <size>0x18</size>
         <input_file_ref idref="fl-52"/>
      </object_component>
      <object_component id="oc-68a">
         <name>.text:I2C_GetSlaveAddress</name>
         <load_address>0x1614c</load_address>
         <run_address>0x1614c</run_address>
         <size>0x16</size>
         <input_file_ref idref="fl-8"/>
      </object_component>
      <object_component id="oc-425">
         <name>.text:I2C_GetTxSize</name>
         <load_address>0x16162</load_address>
         <run_address>0x16162</run_address>
         <size>0x16</size>
         <input_file_ref idref="fl-8"/>
      </object_component>
      <object_component id="oc-524">
         <name>.text:InitGPIO</name>
         <load_address>0x16178</load_address>
         <run_address>0x16178</run_address>
         <size>0x16</size>
         <input_file_ref idref="fl-a"/>
      </object_component>
      <object_component id="oc-9b9">
         <name>.text:LogStr</name>
         <load_address>0x1618e</load_address>
         <run_address>0x1618e</run_address>
         <size>0x16</size>
         <input_file_ref idref="fl-e"/>
      </object_component>
      <object_component id="oc-b21">
         <name>.text:MaxRetriesCallbackN</name>
         <load_address>0x161a4</load_address>
         <run_address>0x161a4</run_address>
         <size>0x16</size>
         <input_file_ref idref="fl-c"/>
      </object_component>
      <object_component id="oc-548">
         <name>.text:RF1_CSN</name>
         <load_address>0x161ba</load_address>
         <run_address>0x161ba</run_address>
         <size>0x16</size>
         <input_file_ref idref="fl-a"/>
      </object_component>
      <object_component id="oc-aa4">
         <name>.text:hal_I2C_Disable</name>
         <load_address>0x161d0</load_address>
         <run_address>0x161d0</run_address>
         <size>0x16</size>
         <input_file_ref idref="fl-5"/>
      </object_component>
      <object_component id="oc-aaa">
         <name>.text:hal_I2C_Enable</name>
         <load_address>0x161e6</load_address>
         <run_address>0x161e6</run_address>
         <size>0x16</size>
         <input_file_ref idref="fl-5"/>
      </object_component>
      <object_component id="oc-411">
         <name>.text:hal_UART_ClearRxIF</name>
         <load_address>0x161fc</load_address>
         <run_address>0x161fc</run_address>
         <size>0x16</size>
[...]
      </symbol>
      <symbol id="sm-d63">
         <name>hal_Timing_Init</name>
         <value>0x160ec</value>
         <object_component_ref idref="oc-69e"/>
      </symbol>
      <symbol id="sm-d64">
         <name>DelayUs</name>
         <value>0x15e72</value>
         <object_component_ref idref="oc-bfc"/>
      </symbol>
      <symbol id="sm-d65">
         <name>TIMER0_A0_ISR</name>
         <value>0x44f4</value>
         <object_component_ref idref="oc-3aa"/>
      </symbol>
      <symbol id="sm-ddb">
         <name>rx1</name>
         <value>0x322a</value>
      </symbol>
      <symbol id="sm-ddc">
         <name>tx1</name>
         <value>0x3246</value>
      </symbol>
      <symbol id="sm-ddd">
         <name>tx_buffer_array1</name>
         <value>0x2c3e</value>
      </symbol>
      <symbol id="sm-dde">
         <name>rx_buffer_array1</name>
         <value>0x31ec</value>
      </symbol>
      <symbol id="sm-ddf">
         <name>receiverList1</name>
         <value>0x3286</value>
      </symbol>
      <symbol id="sm-de0">
         <name>receiver_array1</name>
         <value>0x328e</value>
      </symbol>
      <symbol id="sm-de1">
         <name>uart</name>
         <value>0x31c8</value>
      </symbol>
      <symbol id="sm-de2">
         <name>rx_flags</name>
         <value>0x32b4</value>
      </symbol>
      <symbol id="sm-de3">
         <name>error_flags</name>
         <value>0x32b3</value>
      </symbol>
      <symbol id="sm-de4">
         <name>UART_Rx_Handler</name>
         <value>0x155ca</value>
         <object_component_ref idref="oc-40b"/>
      </symbol>
      <symbol id="sm-de5">
         <name>UART_Tx_Handler</name>
         <value>0x14f76</value>
         <object_component_ref idref="oc-417"/>
      </symbol>
      <symbol id="sm-de6">
         <name>UART_printf</name>
         <value>0x159c8</value>
         <object_component_ref idref="oc-561"/>
      </symbol>
      <symbol id="sm-de7">
         <name>UART_WriteByte</name>
         <value>0x15c80</value>
         <object_component_ref idref="oc-906"/>
      </symbol>
      <symbol id="sm-de8">
         <name>UART_RegisterReceiver</name>
         <value>0x15408</value>
         <object_component_ref idref="oc-890"/>
      </symbol>
      <symbol id="sm-de9">
         <name>UART_vprintf</name>
         <value>0x15b1e</value>
         <object_component_ref idref="oc-900"/>
      </symbol>
      <symbol id="sm-dea">
         <name>UART_Tick</name>
         <value>0x119cc</value>
         <object_component_ref idref="oc-6d5"/>
      </symbol>
      <symbol id="sm-deb">
         <name>UART_Write</name>
         <value>0x15608</value>
         <object_component_ref idref="oc-b02"/>
      </symbol>
      <symbol id="sm-dec">
         <name>UART_Init</name>
         <value>0x13d6a</value>
         <object_component_ref idref="oc-53c"/>
      </symbol>
      <symbol id="sm-df6">
         <name>__mspabi_remu</name>
         <value>0x16296</value>
         <object_component_ref idref="oc-9ce"/>
      </symbol>
      <symbol id="sm-df7">
         <name>__mspabi_divu</name>
         <value>0x16296</value>
         <object_component_ref idref="oc-9ce"/>
      </symbol>
      <symbol id="sm-e03">
         <name>__mspabi_remli</name>
         <value>0x1550e</value>
         <object_component_ref idref="oc-c46"/>
      </symbol>
      <symbol id="sm-e04">
         <name>__mspabi_divli</name>
         <value>0x1550e</value>
         <object_component_ref idref="oc-c46"/>
      </symbol>
      <symbol id="sm-e12">
         <name>__mspabi_remul</name>
         <value>0x14d2a</value>
         <object_component_ref idref="oc-83e"/>
      </symbol>
      <symbol id="sm-e13">
         <name>__mspabi_divul</name>
         <value>0x14d2a</value>
         <object_component_ref idref="oc-83e"/>
      </symbol>
      <symbol id="sm-e2e">
         <name>__mspabi_subf</name>
         <value>0x12546</value>
         <object_component_ref idref="oc-958"/>
      </symbol>
      <symbol id="sm-e2f">
         <name>__mspabi_addf</name>
         <value>0x1254c</value>
         <object_component_ref idref="oc-958"/>
      </symbol>
      <symbol id="sm-e3c">
         <name>__mspabi_fltif</name>
         <value>0x158c2</value>
         <object_component_ref idref="oc-94e"/>
      </symbol>
      <symbol id="sm-e53">
         <name>__mspabi_mpyf</name>
         <value>0x13810</value>
         <object_component_ref idref="oc-953"/>
      </symbol>
      <symbol id="sm-e65">
         <name>__mspabi_fixfi</name>
         <value>0x14a72</value>
         <object_component_ref idref="oc-9d6"/>
      </symbol>
      <symbol id="sm-e78">
         <name>__mspabi_fixfli</name>
         <value>0x1439c</value>
         <object_component_ref idref="oc-9db"/>
      </symbol>
      <symbol id="sm-e7b">
         <name>__TI_int41</name>
         <value>0xffd2</value>
         <object_component_ref idref="oc-79"/>
      </symbol>
      <symbol id="sm-e7e">
         <name>__TI_int42</name>
         <value>0xffd4</value>
         <object_component_ref idref="oc-7a"/>
      </symbol>
      <symbol id="sm-e81">
         <name>__TI_int43</name>
         <value>0xffd6</value>
         <object_component_ref idref="oc-7b"/>
      </symbol>
      <symbol id="sm-e84">
         <name>__TI_int44</name>
         <value>0xffd8</value>
         <object_component_ref idref="oc-7c"/>
      </symbol>
      <symbol id="sm-e87">
         <name>__TI_int47</name>
         <value>0xffde</value>
         <object_component_ref idref="oc-7f"/>
      </symbol>
      <symbol id="sm-e8a">
         <name>__TI_int48</name>
         <value>0xffe0</value>
         <object_component_ref idref="oc-80"/>
      </symbol>
      <symbol id="sm-e8d">
         <name>__TI_int49</name>
         <value>0xffe2</value>
         <object_component_ref idref="oc-81"/>
      </symbol>
      <symbol id="sm-e90">
         <name>__TI_int50</name>
         <value>0xffe4</value>
         <object_component_ref idref="oc-82"/>
      </symbol>
      <symbol id="sm-e93">
         <name>__TI_int51</name>
         <value>0xffe6</value>
         <object_component_ref idref="oc-83"/>
      </symbol>
      <symbol id="sm-e96">
         <name>__TI_int52</name>
         <value>0xffe8</value>
         <object_component_ref idref="oc-84"/>
      </symbol>
      <symbol id="sm-e99">
         <name>__TI_int54</name>
         <value>0xffec</value>
         <object_component_ref idref="oc-86"/>
      </symbol>
      <symbol id="sm-e9c">
         <name>__TI_int56</name>
         <value>0xfff0</value>
         <object_component_ref idref="oc-88"/>
      </symbol>
      <symbol id="sm-e9f">
         <name>__TI_int57</name>
         <value>0xfff2</value>
         <object_component_ref idref="oc-89"/>
      </symbol>
      <symbol id="sm-ea2">
         <name>__TI_int58</name>
         <value>0xfff4</value>
         <object_component_ref idref="oc-8a"/>
      </symbol>
      <symbol id="sm-ea5">
         <name>__TI_int59</name>
         <value>0xfff6</value>
         <object_component_ref idref="oc-8b"/>
      </symbol>
      <symbol id="sm-ea8">
         <name>__TI_int60</name>
         <value>0xfff8</value>
         <object_component_ref idref="oc-8c"/>
      </symbol>
      <symbol id="sm-eab">
         <name>__TI_int61</name>
         <value>0xfffa</value>
         <object_component_ref idref="oc-8d"/>
      </symbol>
      <symbol id="sm-eae">
         <name>__TI_int62</name>
         <value>0xfffc</value>
         <object_component_ref idref="oc-8e"/>
      </symbol>
      <symbol id="sm-eb6">
         <name>__TI_ISR_TRAP</name>
         <value>0x4510</value>
         <object_component_ref idref="oc-399"/>
      </symbol>
      <symbol id="sm-ebf">
         <name>__mspabi_slli</name>
         <value>0x1645c</value>
         <object_component_ref idref="oc-4a9"/>
      </symbol>
      <symbol id="sm-ecf">
         <name>__mspabi_srll_8</name>
         <value>0x156de</value>
         <object_component_ref idref="oc-843"/>
      </symbol>
      <symbol id="sm-ed0">
         <name>__mspabi_srll_9</name>
         <value>0x156da</value>
         <object_component_ref idref="oc-843"/>
      </symbol>
      <symbol id="sm-ed1">
         <name>__mspabi_srll_6</name>
         <value>0x156e6</value>
         <object_component_ref idref="oc-843"/>
      </symbol>
      <symbol id="sm-ed2">
         <name>__mspabi_srll_7</name>
         <value>0x156e2</value>
         <object_component_ref idref="oc-843"/>
      </symbol>
      <symbol id="sm-ed3">
         <name>__mspabi_srll_4</name>
         <value>0x156ee</value>
         <object_component_ref idref="oc-843"/>
      </symbol>
      <symbol id="sm-ed4">
         <name>__mspabi_srll_5</name>
         <value>0x156ea</value>
         <object_component_ref idref="oc-843"/>
      </symbol>
      <symbol id="sm-ed5">
         <name>__mspabi_srll_2</name>
         <value>0x156f6</value>
         <object_component_ref idref="oc-843"/>
      </symbol>
      <symbol id="sm-ed6">
         <name>__mspabi_srll_3</name>
         <value>0x156f2</value>
         <object_component_ref idref="oc-843"/>
      </symbol>
      <symbol id="sm-ed7">
         <name>__mspabi_srll_1</name>
         <value>0x156fa</value>
         <object_component_ref idref="oc-843"/>
      </symbol>
      <symbol id="sm-ed8">
         <name>__mspabi_srll_15</name>
         <value>0x156c2</value>
         <object_component_ref idref="oc-843"/>
      </symbol>
      <symbol id="sm-ed9">
         <name>__mspabi_srll_14</name>
         <value>0x156c6</value>
         <object_component_ref idref="oc-843"/>
      </symbol>
      <symbol id="sm-eda">
         <name>__mspabi_srll_13</name>
         <value>0x156ca</value>
         <object_component_ref idref="oc-843"/>
      </symbol>
      <symbol id="sm-edb">
         <name>__mspabi_srll_12</name>
         <value>0x156ce</value>
         <object_component_ref idref="oc-843"/>
      </symbol>
      <symbol id="sm-edc">
         <name>__mspabi_srll_11</name>
         <value>0x156d2</value>
         <object_component_ref idref="oc-843"/>
      </symbol>
      <symbol id="sm-edd">
         <name>__mspabi_srll_10</name>
         <value>0x156d6</value>
         <object_component_ref idref="oc-843"/>
      </symbol>
      <symbol id="sm-ede">
         <name>__mspabi_srll</name>
         <value>0x16362</value>
         <object_component_ref idref="oc-a86"/>
      </symbol>
      <symbol id="sm-ee7">
         <name>__mspabi_mpyi_f5hw</name>
         <value>0x16134</value>
         <object_component_ref idref="oc-495"/>
      </symbol>
      <symbol id="sm-ef1">
         <name>__mspabi_mpyl_f5hw</name>
         <value>0x15ede</value>
         <object_component_ref idref="oc-c4b"/>
      </symbol>
      <symbol id="sm-f03">
         <name>_stack</name>
         <value>0x42c0</value>
         <object_component_ref idref="oc-37d"/>
      </symbol>
      <symbol id="sm-f04">
         <name>_c_int00_noargs</name>
         <value>0x44c0</value>
         <object_component_ref idref="oc-3c8"/>
      </symbol>
      <symbol id="sm-f05">
         <name>_reset_vector</name>
         <value>0xfffe</value>
         <object_component_ref idref="oc-380"/>
      </symbol>
      <symbol id="sm-f28">
         <name>__TI_auto_init_nobinit_nopinit_hold_wdt</name>
         <value>0x14e2c</value>
         <object_component_ref idref="oc-5be"/>
      </symbol>
      <symbol id="sm-f3b">
         <name>__TI_zero_init</name>
         <value>0x15e96</value>
         <object_component_ref idref="oc-3bc"/>
      </symbol>
      <symbol id="sm-f47">
         <name>_system_pre_init</name>
         <value>0x1648e</value>
         <object_component_ref idref="oc-458"/>
      </symbol>
      <symbol id="sm-f50">
         <name>_system_post_cinit</name>
         <value>0x16492</value>
         <object_component_ref idref="oc-7bd"/>
      </symbol>
      <symbol id="sm-f61">
         <name>__TI_decompress_none</name>
         <value>0x1630c</value>
         <object_component_ref idref="oc-73"/>
      </symbol>
      <symbol id="sm-f84">
         <name>__TI_decompress_lzss</name>
         <value>0x14764</value>
         <object_component_ref idref="oc-6d"/>
      </symbol>
      <symbol id="sm-f9c">
         <name>__mspabi_cvtdf</name>
         <value>0x1417e</value>
         <object_component_ref idref="oc-763"/>
      </symbol>
      <symbol id="sm-fc3">
         <name>__mspabi_addd</name>
         <value>0x10000</value>
         <object_component_ref idref="oc-757"/>
      </symbol>
      <symbol id="sm-fdd">
         <name>__mspabi_cmpd</name>
         <value>0x131e4</value>
         <object_component_ref idref="oc-769"/>
      </symbol>
      <symbol id="sm-feb">
         <name>__mspabi_cvtfd</name>
         <value>0x14ada</value>
         <object_component_ref idref="oc-751"/>
      </symbol>
      <symbol id="sm-100c">
         <name>__TI_frcaddd</name>
         <value>0x10a46</value>
         <object_component_ref idref="oc-91a"/>
      </symbol>
      <symbol id="sm-1020">
         <name>__TI_renormd</name>
         <value>0x1397c</value>
         <object_component_ref idref="oc-a90"/>
      </symbol>
      <symbol id="sm-1029">
         <name>__mspabi_subd</name>
         <value>0x159fa</value>
         <object_component_ref idref="oc-75d"/>
      </symbol>
      <symbol id="sm-1033">
         <name>C$$EXIT</name>
         <value>0x16484</value>
         <object_component_ref idref="oc-59a"/>
      </symbol>
      <symbol id="sm-1034">
         <name>abort</name>
         <value>0x16484</value>
         <object_component_ref idref="oc-59a"/>
      </symbol>
      <symbol id="sm-1044">
         <name>memcpy</name>
         <value>0x162d4</value>
         <object_component_ref idref="oc-38c"/>
      </symbol>
      <symbol id="sm-1052">
         <name>strcasecmp</name>
         <value>0x158f8</value>
         <object_component_ref idref="oc-8f1"/>
      </symbol>
      <symbol id="sm-105f">
         <name>strlen</name>
         <value>0x163f2</value>
         <object_component_ref idref="oc-a65"/>
      </symbol>
      <symbol id="sm-106f">
         <name>strncmp</name>
         <value>0x15b7a</value>
         <object_component_ref idref="oc-bcf"/>
      </symbol>
      <symbol id="sm-107c">
         <name>tolower</name>
         <value>0x16330</value>
         <object_component_ref idref="oc-a6c"/>
      </symbol>
      <symbol id="sm-108c">
         <name>__mspabi_sral</name>
         <value>0x16342</value>
         <object_component_ref idref="oc-a8b"/>
      </symbol>
      <symbol id="sm-108d">
         <name>__mspabi_sral_15</name>
         <value>0x15646</value>
         <object_component_ref idref="oc-90f"/>
      </symbol>
      <symbol id="sm-108e">
         <name>__mspabi_sral_14</name>
         <value>0x1564a</value>
         <object_component_ref idref="oc-90f"/>
      </symbol>
      <symbol id="sm-108f">
         <name>__mspabi_sral_13</name>
         <value>0x1564e</value>
         <object_component_ref idref="oc-90f"/>
      </symbol>
      <symbol id="sm-1090">
         <name>__mspabi_sral_12</name>
         <value>0x15652</value>
         <object_component_ref idref="oc-90f"/>
      </symbol>
      <symbol id="sm-1091">
         <name>__mspabi_sral_11</name>
         <value>0x15656</value>
         <object_component_ref idref="oc-90f"/>
      </symbol>
      <symbol id="sm-1092">
         <name>__mspabi_sral_10</name>
         <value>0x1565a</value>
         <object_component_ref idref="oc-90f"/>
      </symbol>
      <symbol id="sm-1093">
         <name>__mspabi_sral_8</name>
         <value>0x15662</value>
         <object_component_ref idref="oc-90f"/>
      </symbol>
      <symbol id="sm-1094">
         <name>__mspabi_sral_9</name>
         <value>0x1565e</value>
         <object_component_ref idref="oc-90f"/>
      </symbol>
      <symbol id="sm-1095">
         <name>__mspabi_sral_6</name>
         <value>0x1566a</value>
         <object_component_ref idref="oc-90f"/>
      </symbol>
      <symbol id="sm-1096">
         <name>__mspabi_sral_7</name>
         <value>0x15666</value>
         <object_component_ref idref="oc-90f"/>
      </symbol>
      <symbol id="sm-1097">
         <name>__mspabi_sral_4</name>
         <value>0x15672</value>
         <object_component_ref idref="oc-90f"/>
      </symbol>
      <symbol id="sm-1098">
         <name>__mspabi_sral_5</name>
         <value>0x1566e</value>
         <object_component_ref idref="oc-90f"/>
      </symbol>
      <symbol id="sm-1099">
         <name>__mspabi_sral_2</name>
         <value>0x1567a</value>
         <object_component_ref idref="oc-90f"/>
      </symbol>
      <symbol id="sm-109a">
         <name>__mspabi_sral_3</name>
         <value>0x15676</value>
         <object_component_ref idref="oc-90f"/>
      </symbol>
      <symbol id="sm-109b">
         <name>__mspabi_sral_1</name>
         <value>0x1567e</value>
         <object_component_ref idref="oc-90f"/>
      </symbol>
      <symbol id="sm-10ab">
         <name>__mspabi_slll_9</name>
         <value>0x1569c</value>
         <object_component_ref idref="oc-928"/>
      </symbol>
      <symbol id="sm-10ac">
         <name>__mspabi_slll_8</name>
         <value>0x156a0</value>
         <object_component_ref idref="oc-928"/>
      </symbol>
      <symbol id="sm-10ad">
         <name>__mspabi_slll_7</name>
         <value>0x156a4</value>
         <object_component_ref idref="oc-928"/>
      </symbol>
      <symbol id="sm-10ae">
         <name>__mspabi_slll_6</name>
         <value>0x156a8</value>
         <object_component_ref idref="oc-928"/>
      </symbol>
      <symbol id="sm-10af">
         <name>__mspabi_slll_5</name>
         <value>0x156ac</value>
         <object_component_ref idref="oc-928"/>
      </symbol>
      <symbol id="sm-10b0">
         <name>__mspabi_slll_4</name>
         <value>0x156b0</value>
         <object_component_ref idref="oc-928"/>
      </symbol>
      <symbol id="sm-10b1">
         <name>__mspabi_slll_3</name>
         <value>0x156b4</value>
         <object_component_ref idref="oc-928"/>
      </symbol>
      <symbol id="sm-10b2">
         <name>__mspabi_slll_2</name>
         <value>0x156b8</value>
         <object_component_ref idref="oc-928"/>
      </symbol>
      <symbol id="sm-10b3">
         <name>__mspabi_slll_1</name>
         <value>0x156bc</value>
         <object_component_ref idref="oc-928"/>
      </symbol>
      <symbol id="sm-10b4">
         <name>__mspabi_slll</name>
         <value>0x16352</value>
         <object_component_ref idref="oc-a81"/>
      </symbol>
      <symbol id="sm-10b5">
         <name>__mspabi_slll_15</name>
         <value>0x15684</value>
         <object_component_ref idref="oc-928"/>
      </symbol>
      <symbol id="sm-10b6">
         <name>__mspabi_slll_14</name>
         <value>0x15688</value>
         <object_component_ref idref="oc-928"/>
      </symbol>
      <symbol id="sm-10b7">
         <name>__mspabi_slll_13</name>
         <value>0x1568c</value>
         <object_component_ref idref="oc-928"/>
      </symbol>
      <symbol id="sm-10b8">
         <name>__mspabi_slll_12</name>
         <value>0x15690</value>
         <object_component_ref idref="oc-928"/>
      </symbol>
      <symbol id="sm-10b9">
         <name>__mspabi_slll_11</name>
         <value>0x15694</value>
         <object_component_ref idref="oc-928"/>
      </symbol>
      <symbol id="sm-10ba">
         <name>__mspabi_slll_10</name>
         <value>0x15698</value>
         <object_component_ref idref="oc-928"/>
      </symbol>
      <symbol id="sm-10c5">
         <name>_ctypes_</name>
         <value>0x48c8</value>
         <object_component_ref idref="oc-ba4"/>
      </symbol>
      <symbol id="sm-10c7">
         <name>UART_ReconfigureBaud</name>
         <value>0x10eb0</value>
      </symbol>
   </symbol_table>
   <title>Link successful</title>
</link_info>
